--------- beginning of main
03-19 09:24:39.200 15045 15045 D DetoxRNHelpers: Native RN module resolution (class com.reactnativecommunity.asyncstorage.AsyncStorageModule): no such class
03-19 09:24:39.201 15045 15045 D DetoxRNHelpers: Native RN module resolution (class com.reactnativecommunity.asyncstorage.AsyncStorageModule): no such class
03-19 09:24:39.303 15045 15045 D DetoxRNHelpers: Native RN module resolution (class com.reactnativecommunity.asyncstorage.AsyncStorageModule): no such class
03-19 09:24:39.303 15045 15045 D DetoxRNHelpers: Native RN module resolution (class com.reactnativecommunity.asyncstorage.AsyncStorageModule): no such class
03-19 09:24:39.305 15045 15045 D DetoxRNHelpers: Native RN module resolution (class com.reactnativecommunity.asyncstorage.AsyncStorageModule): no such class
03-19 09:24:39.306 15045 15045 D DetoxRNHelpers: Native RN module resolution (class com.reactnativecommunity.asyncstorage.AsyncStorageModule): no such class
03-19 09:24:39.306 15045 15045 I ViewInteraction: Checking 'MatchesViewAssertion(Detox){viewMatcher=(view has effective visibility <VISIBLE> and view.getGlobalVisibleRect() covers at least <75> percent of the view's area)}' assertion on view (view.getTag() is "field-assessment-full-name" and view has effective visibility <VISIBLE>)
03-19 09:24:39.310 15045 15045 D DetoxRNHelpers: Native RN module resolution (class com.reactnativecommunity.asyncstorage.AsyncStorageModule): no such class
03-19 09:24:39.314 15045 15045 D DetoxRNHelpers: Native RN module resolution (class com.reactnativecommunity.asyncstorage.AsyncStorageModule): no such class
03-19 09:24:39.315 15045 15045 I ViewInteraction: Performing 'scrollInDirectionStaleAtEdge' action on view (view.getTag() is "screen-assessment-scroll" and view has effective visibility <VISIBLE>)
03-19 09:24:39.315 15045 15045 D DetoxScrollHelper: prescroll amountDP=220.0 amountPx=578 scrollableRangePx=2007 times=0 remainder=578
03-19 09:24:39.318 15045 15045 D DetoxRNHelpers: Native RN module resolution (class com.reactnativecommunity.asyncstorage.AsyncStorageModule): no such class
03-19 09:24:39.319 15045 15045 D DetoxRNHelpers: Native RN module resolution (class com.reactnativecommunity.asyncstorage.AsyncStorageModule): no such class
03-19 09:24:39.321 15045 15045 I ViewInteraction: Checking 'MatchesViewAssertion(Detox){viewMatcher=(view has effective visibility <VISIBLE> and view.getGlobalVisibleRect() covers at least <75> percent of the view's area)}' assertion on view (view.getTag() is "field-assessment-full-name" and view has effective visibility <VISIBLE>)
03-19 09:24:39.328 15045 15070 I DetoxActionHandlers: Test exception
03-19 09:24:39.328 15045 15070 I DetoxActionHandlers: java.lang.reflect.InvocationTargetException
03-19 09:24:39.328 15045 15070 I DetoxActionHandlers: 	at java.lang.reflect.Method.invoke(Native Method)
03-19 09:24:39.328 15045 15070 I DetoxActionHandlers: 	at org.apache.commons.lang3.reflect.MethodUtils.invokeStaticMethod(MethodUtils.java:443)
03-19 09:24:39.328 15045 15070 I DetoxActionHandlers: 	at org.apache.commons.lang3.reflect.MethodUtils.invokeStaticMethod(MethodUtils.java:405)
03-19 09:24:39.328 15045 15070 I DetoxActionHandlers: 	at com.wix.invoke.types.ClassTarget.execute(ClassTarget.java:23)
03-19 09:24:39.328 15045 15070 I DetoxActionHandlers: 	at com.wix.invoke.types.Target.invoke(Target.java:59)
03-19 09:24:39.328 15045 15070 I DetoxActionHandlers: 	at com.wix.invoke.MethodInvocation.invoke(MethodInvocation.java:35)
03-19 09:24:39.328 15045 15070 I DetoxActionHandlers: 	at com.wix.invoke.MethodInvocation.invoke(MethodInvocation.java:26)
03-19 09:24:39.328 15045 15070 I DetoxActionHandlers: 	at com.wix.invoke.MethodInvocation.invoke(MethodInvocation.java:20)
03-19 09:24:39.328 15045 15070 I DetoxActionHandlers: 	at com.wix.detox.adapters.server.InvokeActionHandler.handle(DetoxActionHandlers.kt:54)
03-19 09:24:39.328 15045 15070 I DetoxActionHandlers: 	at com.wix.detox.adapters.server.ActionsExecutor.executeAction$lambda$2$lambda$1(DetoxActionsDispatcher.kt:76)
03-19 09:24:39.328 15045 15070 I DetoxActionHandlers: 	at com.wix.detox.adapters.server.ActionsExecutor.$r8$lambda$GVbB7LHtBHxNHGbgYnHJ6YrwCqs(Unknown Source:0)
03-19 09:24:39.328 15045 15070 I DetoxActionHandlers: 	at com.wix.detox.adapters.server.ActionsExecutor$$ExternalSyntheticLambda0.run(D8$$SyntheticClass:0)
03-19 09:24:39.328 15045 15070 I DetoxActionHandlers: 	at android.os.Handler.handleCallback(Handler.java:1070)
03-19 09:24:39.328 15045 15070 I DetoxActionHandlers: 	at android.os.Handler.dispatchMessage(Handler.java:125)
03-19 09:24:39.328 15045 15070 I DetoxActionHandlers: 	at android.os.Looper.dispatchMessage(Looper.java:333)
03-19 09:24:39.328 15045 15070 I DetoxActionHandlers: 	at android.os.Looper.loopOnce(Looper.java:263)
03-19 09:24:39.328 15045 15070 I DetoxActionHandlers: 	at android.os.Looper.loop(Looper.java:367)
03-19 09:24:39.328 15045 15070 I DetoxActionHandlers: 	at com.wix.detox.adapters.server.ActionsExecutor._init_$lambda$0(DetoxActionsDispatcher.kt:62)
03-19 09:24:39.328 15045 15070 I DetoxActionHandlers: 	at com.wix.detox.adapters.server.ActionsExecutor.$r8$lambda$xlgL0CQim6vNM0wWEqM8JIDgZUE(Unknown Source:0)
03-19 09:24:39.328 15045 15070 I DetoxActionHandlers: 	at com.wix.detox.adapters.server.ActionsExecutor$$ExternalSyntheticLambda1.run(D8$$SyntheticClass:0)
03-19 09:24:39.328 15045 15070 I DetoxActionHandlers: 	at java.lang.Thread.run(Thread.java:1563)
03-19 09:24:39.328 15045 15070 I DetoxActionHandlers: Caused by: junit.framework.AssertionFailedError: '(view has effective visibility <VISIBLE> and view.getGlobalVisibleRect() covers at least <75> percent of the view's area)' doesn't match the selected view.
03-19 09:24:39.328 15045 15070 I DetoxActionHandlers: Expected: (view has effective visibility <VISIBLE> and view.getGlobalVisibleRect() covers at least <75> percent of the view's area)
03-19 09:24:39.328 15045 15070 I DetoxActionHandlers:      Got: com.facebook.react.views.textinput.ReactEditText{4d6a717 VFED..CL. ........ 50,300-936,420 #2b2}
03-19 09:24:39.328 15045 15070 I DetoxActionHandlers: View Details: ReactEditText{id=690, visibility=VISIBLE, width=886, height=120, has-focus=false, has-focusable=true, has-window-focus=true, is-clickable=true, is-enabled=true, is-focused=false, is-focusable=true, is-layout-requested=false, is-selected=false, layout-params=android.view.ViewGroup$LayoutParams@YYYYYY, tag=field-assessment-full-name, root-is-layout-requested=false, has-input-connection=true, editor-info=[inputType=0x4001 imeOptions=0x8000006 privateImeOptions=null actionLabel=null actionId=0 initialSelStart=9 initialSelEnd=9 initialToolType=0 initialCapsMode=0x0 hintText=Full name label=null packageName=null autofillId=null fieldId=0 fieldName=null extras=Bundle[{android.support.text.emoji.emojiCompat_metadataVersion=11, androidx.core.view.inputmethod.EditorInfoCompat.STYLUS_HANDWRITING_ENABLED=true, android.support.text.emoji.emojiCompat_replaceAll=false}] hintLocales=null supportedHandwritingGestureTypes=SELECT|SELECT_RANGE|INSERT|DELETE|DELETE_RANGE|REMOVE_SPACE|JOIN_OR_SPLIT supportedHandwritingGesturePreviewTypes=SELECT|SELECT_RANGE|DELETE|DELETE_RANGE isStylusHandwritingEnabled=true writingToolsEnabled=true contentMimeTypes=null ], x=50.0, y=300.0, text=Demo User, hint=Full name, input-type=16385, ime-target=false, has-links=false}
03-19 09:24:39.328 15045 15070 I DetoxActionHandlers: 
03-19 09:24:39.328 15045 15070 I DetoxActionHandlers: 	at androidx.test.espresso.matcher.ViewMatchers.assertThat(ViewMatchers.java:620)
03-19 09:24:39.328 15045 15070 I DetoxActionHandlers: 	at com.wix.detox.espresso.assertion.ViewAssertions$MatchesViewAssertion.check(ViewAssertions.java:51)
03-19 09:24:39.328 15045 15070 I DetoxActionHandlers: 	at androidx.test.espresso.ViewInteraction$SingleExecutionViewAssertion.check(ViewInteraction.java:488)
03-19 09:24:39.328 15045 15070 I DetoxActionHandlers: 	at androidx.test.espresso.ViewInteraction$2.call(ViewInteraction.java:346)
03-19 09:24:39.328 15045 15070 I DetoxActionHandlers: 	at androidx.test.espresso.ViewInteraction$2.call(ViewInteraction.java:319)
03-19 09:24:39.328 15045 15070 I DetoxActionHandlers: 	at java.util.concurrent.FutureTask.run(FutureTask.java:317)
03-19 09:24:39.328 15045 15070 I DetoxActionHandlers: 	at android.os.Handler.handleCallback(Handler.java:1070)
03-19 09:24:39.328 15045 15070 I DetoxActionHandlers: 	at android.os.Handler.dispatchMessage(Handler.java:125)
03-19 09:24:39.329 15045 15070 I DetoxActionHandlers: 	at android.os.Looper.dispatchMessage(Looper.java:333)
03-19 09:24:39.329 15045 15070 I DetoxActionHandlers: 	at android.os.Looper.loopOnce(Looper.java:263)
03-19 09:24:39.329 15045 15070 I DetoxActionHandlers: 	at android.os.Looper.loop(Looper.java:367)
03-19 09:24:39.329 15045 15070 I DetoxActionHandlers: 	at android.app.ActivityThread.main(ActivityThread.java:9287)
03-19 09:24:39.329 15045 15070 I DetoxActionHandlers: 	at java.lang.reflect.Method.invoke(Native Method)
03-19 09:24:39.329 15045 15070 I DetoxActionHandlers: 	at com.android.internal.os.RuntimeInit$MethodAndArgsCaller.run(RuntimeInit.java:566)
03-19 09:24:39.329 15045 15070 I DetoxActionHandlers: 	at com.android.internal.os.ZygoteInit.main(ZygoteInit.java:929)
03-19 09:24:39.329 15045 15070 I DetoxWSClient: Sending out action 'testFailed' (ID #79)
03-19 09:24:39.330 15045 15070 I DetoxDispatcher: Done with action 'invoke'
03-19 09:24:39.600 15045 15074 D DetoxWSClient: Received action 'invoke' (ID #81, params={"target":{"type":"Class","value":"com.wix.detox.espresso.EspressoDetox"},"method":"perform","args":[{"type":"Invocation","value":{"target":{"type":"Class","value":"com.wix.detox.espresso.DetoxMatcher"},"method":"matcherForTestId","args":["tab-reports",{"type":"boolean","value":false}]}},{"type":"Invocation","value":{"target":{"type":"Class","value":"com.wix.detox.espresso.DetoxViewActions"},"method":"click","args":[]}}]})
03-19 09:24:39.600 15045 15070 I DetoxDispatcher: Handling action 'invoke' (ID #81)...
03-19 09:24:39.600 15045 15070 D Detox   : class com.wix.detox.espresso.DetoxMatcher, matcherForTestId, [tab-reports, false]
03-19 09:24:39.601 15045 15070 D Detox   : class com.wix.detox.espresso.DetoxViewActions, click, []
03-19 09:24:39.601 15045 15070 D Detox   : class com.wix.detox.espresso.EspressoDetox, perform, [(view.getTag() is "tab-reports" and view has effective visibility <VISIBLE>), com.wix.detox.espresso.action.RNClickAction@99b0252]
03-19 09:24:39.602 15045 15045 D DetoxRNHelpers: Native RN module resolution (class com.reactnativecommunity.asyncstorage.AsyncStorageModule): no such class
03-19 09:24:39.603 15045 15045 D DetoxRNHelpers: Native RN module resolution (class com.reactnativecommunity.asyncstorage.AsyncStorageModule): no such class
03-19 09:24:39.603 15045 15045 I ViewInteraction: Performing 'com.wix.detox.espresso.action.detoxsingletap@f212923 click' action on view (view.getTag() is "tab-reports" and view has effective visibility <VISIBLE>)
03-19 09:24:39.714 15045 15045 D DetoxRNHelpers: Native RN module resolution (class com.reactnativecommunity.asyncstorage.AsyncStorageModule): no such class
03-19 09:24:40.015 15045 15045 D DetoxRNHelpers: Native RN module resolution (class com.reactnativecommunity.asyncstorage.AsyncStorageModule): no such class
03-19 09:24:40.016 15045 15045 D DetoxRNHelpers: Native RN module resolution (class com.reactnativecommunity.asyncstorage.AsyncStorageModule): no such class
03-19 09:24:40.083 15045 15045 D DetoxRNHelpers: Native RN module resolution (class com.reactnativecommunity.asyncstorage.AsyncStorageModule): no such class
03-19 09:24:40.083 15045 15045 D DetoxRNHelpers: Native RN module resolution (class com.reactnativecommunity.asyncstorage.AsyncStorageModule): no such class
03-19 09:24:40.084 15045 15045 D DetoxRNHelpers: Native RN module resolution (class com.reactnativecommunity.asyncstorage.AsyncStorageModule): no such class
03-19 09:24:40.084 15045 15045 D DetoxRNHelpers: Native RN module resolution (class com.reactnativecommunity.asyncstorage.AsyncStorageModule): no such class
03-19 09:24:40.085 15045 15070 I DetoxWSClient: Sending out action 'invokeResult' (ID #81)
03-19 09:24:40.085 15045 15070 I DetoxDispatcher: Done with action 'invoke'
03-19 09:24:40.093 15045 15074 D DetoxWSClient: Received action 'invoke' (ID #82, params={"target":{"type":"Class","value":"com.wix.detox.espresso.DetoxAssertion"},"method":"waitForAssertMatcher","args":[{"type":"Invocation","value":{"target":{"type":"Class","value":"androidx.test.espresso.Espresso"},"method":"onView","args":[{"type":"Invocation","value":{"target":{"type":"Class","value":"com.wix.detox.espresso.DetoxMatcher"},"method":"matcherForTestId","args":["screen-reports",{"type":"boolean","value":false}]}}]}},{"type":"Invocation","value":{"target":{"type":"Class","value":"com.wix.detox.espresso.DetoxMatcher"},"method":"matcherForSufficientlyVisible","args":[{"type":"Integer","value":75}]}},{"type":"Double","value":15}]})
03-19 09:24:40.095 15045 15070 I DetoxDispatcher: Handling action 'invoke' (ID #82)...
03-19 09:24:40.095 15045 15070 D Detox   : class com.wix.detox.espresso.DetoxMatcher, matcherForTestId, [screen-reports, false]
03-19 09:24:40.096 15045 15070 D Detox   : class androidx.test.espresso.Espresso, onView, [(view.getTag() is "screen-reports" and view has effective visibility <VISIBLE>)]
03-19 09:24:40.096 15045 15070 D Detox   : class com.wix.detox.espresso.DetoxMatcher, matcherForSufficientlyVisible, [75]
03-19 09:24:40.096 15045 15070 D Detox   : class com.wix.detox.espresso.DetoxAssertion, waitForAssertMatcher, [androidx.test.espresso.ViewInteraction@ca727a2, (view has effective visibility <VISIBLE> and view.getGlobalVisibleRect() covers at least <75> percent of the view's area), 15.0]
03-19 09:24:40.097 15045 15045 D DetoxRNHelpers: Native RN module resolution (class com.reactnativecommunity.asyncstorage.AsyncStorageModule): no such class
03-19 09:24:40.098 15045 15045 D DetoxRNHelpers: Native RN module resolution (class com.reactnativecommunity.asyncstorage.AsyncStorageModule): no such class
03-19 09:24:40.099 15045 15045 I ViewInteraction: Checking 'MatchesViewAssertion(Detox){viewMatcher=(view has effective visibility <VISIBLE> and view.getGlobalVisibleRect() covers at least <75> percent of the view's area)}' assertion on view (view.getTag() is "screen-reports" and view has effective visibility <VISIBLE>)
03-19 09:24:40.100 15045 15070 I DetoxWSClient: Sending out action 'invokeResult' (ID #82)
03-19 09:24:40.101 15045 15070 I DetoxDispatcher: Done with action 'invoke'
03-19 09:24:40.109 15045 15074 D DetoxWSClient: Received action 'invoke' (ID #83, params={"target":{"type":"Class","value":"com.wix.detox.espresso.EspressoDetox"},"method":"perform","args":[{"type":"Invocation","value":{"target":{"type":"Class","value":"com.wix.detox.espresso.DetoxMatcher"},"method":"matcherForTestId","args":["screen-reports-scroll",{"type":"boolean","value":false}]}},{"type":"Invocation","value":{"target":{"type":"Class","value":"com.wix.detox.espresso.DetoxAction"},"method":"scrollToEdge","args":[{"type":"Integer","value":3},{"type":"Double","value":-1},{"type":"Double","value":-1}]}}]})
03-19 09:24:40.110 15045 15070 I DetoxDispatcher: Handling action 'invoke' (ID #83)...
03-19 09:24:40.110 15045 15070 D Detox   : class com.wix.detox.espresso.DetoxMatcher, matcherForTestId, [screen-reports-scroll, false]
03-19 09:24:40.110 15045 15070 D Detox   : class com.wix.detox.espresso.DetoxAction, scrollToEdge, [3, -1.0, -1.0]
03-19 09:24:40.110 15045 15070 D Detox   : class com.wix.detox.espresso.EspressoDetox, perform, [(view.getTag() is "screen-reports-scroll" and view has effective visibility <VISIBLE>), com.wix.detox.espresso.DetoxAction$2@ac6cbf0]
03-19 09:24:40.112 15045 15045 D DetoxRNHelpers: Native RN module resolution (class com.reactnativecommunity.asyncstorage.AsyncStorageModule): no such class
03-19 09:24:40.113 15045 15045 D DetoxRNHelpers: Native RN module resolution (class com.reactnativecommunity.asyncstorage.AsyncStorageModule): no such class
03-19 09:24:40.114 15045 15045 I ViewInteraction: Performing 'scrollToEdge' action on view (view.getTag() is "screen-reports-scroll" and view has effective visibility <VISIBLE>)
03-19 09:24:40.115 15045 15070 I DetoxWSClient: Sending out action 'invokeResult' (ID #83)
03-19 09:24:40.116 15045 15070 I DetoxDispatcher: Done with action 'invoke'
03-19 09:24:40.129 15045 15074 D DetoxWSClient: Received action 'invoke' (ID #84, params={"target":{"type":"Class","value":"com.wix.detox.espresso.DetoxAssertion"},"method":"waitForAssertMatcherWithSearchAction","args":[{"type":"Invocation","value":{"target":{"type":"Class","value":"androidx.test.espresso.Espresso"},"method":"onView","args":[{"type":"Invocation","value":{"target":{"type":"Class","value":"com.wix.detox.espresso.DetoxMatcher"},"method":"matcherForTestId","args":["reports-header",{"type":"boolean","value":false}]}}]}},{"type":"Invocation","value":{"target":{"type":"Class","value":"com.wix.detox.espresso.DetoxMatcher"},"method":"matcherForSufficientlyVisible","args":[{"type":"Integer","value":75}]}},{"type":"Invocation","value":{"target":{"type":"Class","value":"com.wix.detox.espresso.DetoxAction"},"method":"scrollInDirectionStaleAtEdge","args":[{"type":"Integer","value":4},{"type":"Double","value":220},{"type":"Double","value":-1},{"type":"Double","value":-1}]}},{"type":"Invocation","value":{"target":{"type":"Class","value":"com.wix.detox.espresso.DetoxMatcher"},"method":"matcherForTestId","args":["screen-reports-scroll",{"type":"boolean","value":false}]}}]})
03-19 09:24:40.129 15045 15070 I DetoxDispatcher: Handling action 'invoke' (ID #84)...
03-19 09:24:40.130 15045 15070 D Detox   : class com.wix.detox.espresso.DetoxMatcher, matcherForTestId, [reports-header, false]
03-19 09:24:40.130 15045 15070 D Detox   : class androidx.test.espresso.Espresso, onView, [(view.getTag() is "reports-header" and view has effective visibility <VISIBLE>)]
03-19 09:24:40.131 15045 15070 D Detox   : class com.wix.detox.espresso.DetoxMatcher, matcherForSufficientlyVisible, [75]
03-19 09:24:40.132 15045 15070 D Detox   : class com.wix.detox.espresso.DetoxAction, scrollInDirectionStaleAtEdge, [4, 220.0, -1.0, -1.0]
03-19 09:24:40.132 15045 15070 D Detox   : class com.wix.detox.espresso.DetoxMatcher, matcherForTestId, [screen-reports-scroll, false]
03-19 09:24:40.133 15045 15070 D Detox   : class com.wix.detox.espresso.DetoxAssertion, waitForAssertMatcherWithSearchAction, [androidx.test.espresso.ViewInteraction@3f41bee, (view has effective visibility <VISIBLE> and view.getGlobalVisibleRect() covers at least <75> percent of the view's area), com.wix.detox.espresso.scroll.DetoxScrollActionStaleAtEdge@786988f, (view.getTag() is "screen-reports-scroll" and view has effective visibility <VISIBLE>)]
03-19 09:24:40.135 15045 15045 D DetoxRNHelpers: Native RN module resolution (class com.reactnativecommunity.asyncstorage.AsyncStorageModule): no such class
03-19 09:24:40.136 15045 15045 D DetoxRNHelpers: Native RN module resolution (class com.reactnativecommunity.asyncstorage.AsyncStorageModule): no such class
03-19 09:24:40.136 15045 15045 I ViewInteraction: Checking 'MatchesViewAssertion(Detox){viewMatcher=(view has effective visibility <VISIBLE> and view.getGlobalVisibleRect() covers at least <75> percent of the view's area)}' assertion on view (view.getTag() is "reports-header" and view has effective visibility <VISIBLE>)
03-19 09:24:40.139 15045 15070 I DetoxWSClient: Sending out action 'invokeResult' (ID #84)
03-19 09:24:40.140 15045 15070 I DetoxDispatcher: Done with action 'invoke'
03-19 09:24:40.146 15045 15074 D DetoxWSClient: Received action 'invoke' (ID #85, params={"target":{"type":"Class","value":"com.wix.detox.espresso.DetoxAssertion"},"method":"assertMatcher","args":[{"type":"Invocation","value":{"target":{"type":"Class","value":"androidx.test.espresso.Espresso"},"method":"onView","args":[{"type":"Invocation","value":{"target":{"type":"Class","value":"com.wix.detox.espresso.DetoxMatcher"},"method":"matcherForTestId","args":["reports-header",{"type":"boolean","value":false}]}}]}},{"type":"Invocation","value":{"target":{"type":"Class","value":"com.wix.detox.espresso.DetoxMatcher"},"method":"matcherForSufficientlyVisible","args":[{"type":"Integer","value":75}]}}]})
03-19 09:24:40.146 15045 15070 I DetoxDispatcher: Handling action 'invoke' (ID #85)...
03-19 09:24:40.147 15045 15070 D Detox   : class com.wix.detox.espresso.DetoxMatcher, matcherForTestId, [reports-header, false]
03-19 09:24:40.147 15045 15070 D Detox   : class androidx.test.espresso.Espresso, onView, [(view.getTag() is "reports-header" and view has effective visibility <VISIBLE>)]
03-19 09:24:40.147 15045 15070 D Detox   : class com.wix.detox.espresso.DetoxMatcher, matcherForSufficientlyVisible, [75]
03-19 09:24:40.147 15045 15070 D Detox   : class com.wix.detox.espresso.DetoxAssertion, assertMatcher, [androidx.test.espresso.ViewInteraction@a54af25, (view has effective visibility <VISIBLE> and view.getGlobalVisibleRect() covers at least <75> percent of the view's area)]
03-19 09:24:40.149 15045 15045 D DetoxRNHelpers: Native RN module resolution (class com.reactnativecommunity.asyncstorage.AsyncStorageModule): no such class
03-19 09:24:40.150 15045 15045 D DetoxRNHelpers: Native RN module resolution (class com.reactnativecommunity.asyncstorage.AsyncStorageModule): no such class
03-19 09:24:40.151 15045 15045 I ViewInteraction: Checking 'MatchesViewAssertion(Detox){viewMatcher=(view has effective visibility <VISIBLE> and view.getGlobalVisibleRect() covers at least <75> percent of the view's area)}' assertion on view (view.getTag() is "reports-header" and view has effective visibility <VISIBLE>)
03-19 09:24:40.151 15045 15070 I DetoxWSClient: Sending out action 'invokeResult' (ID #85)
03-19 09:24:40.151 15045 15070 I DetoxDispatcher: Done with action 'invoke'
03-19 09:24:40.162 15045 15074 D DetoxWSClient: Received action 'invoke' (ID #86, params={"target":{"type":"Class","value":"com.wix.detox.espresso.DetoxAssertion"},"method":"waitForAssertMatcherWithSearchAction","args":[{"type":"Invocation","value":{"target":{"type":"Class","value":"androidx.test.espresso.Espresso"},"method":"onView","args":[{"type":"Invocation","value":{"target":{"type":"Class","value":"com.wix.detox.espresso.DetoxMatcher"},"method":"matcherForTestId","args":["reports-upload-center-card",{"type":"boolean","value":false}]}}]}},{"type":"Invocation","value":{"target":{"type":"Class","value":"com.wix.detox.espresso.DetoxMatcher"},"method":"matcherForSufficientlyVisible","args":[{"type":"Integer","value":75}]}},{"type":"Invocation","value":{"target":{"type":"Class","value":"com.wix.detox.espresso.DetoxAction"},"method":"scrollInDirectionStaleAtEdge","args":[{"type":"Integer","value":4},{"type":"Double","value":220},{"type":"Double","value":-1},{"type":"Double","value":-1}]}},{"type":"Invocation","value":{"target":{"type":"Class","value":"com.wix.detox.espresso.DetoxMatcher"},"method":"matcherForTestId","args":["screen-reports-scroll",{"type":"boolean","value":false}]}}]})
03-19 09:24:40.163 15045 15070 I DetoxDispatcher: Handling action 'invoke' (ID #86)...
03-19 09:24:40.163 15045 15070 D Detox   : class com.wix.detox.espresso.DetoxMatcher, matcherForTestId, [reports-upload-center-card, false]
03-19 09:24:40.164 15045 15070 D Detox   : class androidx.test.espresso.Espresso, onView, [(view.getTag() is "reports-upload-center-card" and view has effective visibility <VISIBLE>)]
03-19 09:24:40.164 15045 15070 D Detox   : class com.wix.detox.espresso.DetoxMatcher, matcherForSufficientlyVisible, [75]
03-19 09:24:40.164 15045 15070 D Detox   : class com.wix.detox.espresso.DetoxAction, scrollInDirectionStaleAtEdge, [4, 220.0, -1.0, -1.0]
03-19 09:24:40.165 15045 15070 D Detox   : class com.wix.detox.espresso.DetoxMatcher, matcherForTestId, [screen-reports-scroll, false]
03-19 09:24:40.166 15045 15070 D Detox   : class com.wix.detox.espresso.DetoxAssertion, waitForAssertMatcherWithSearchAction, [androidx.test.espresso.ViewInteraction@f0a08fa, (view has effective visibility <VISIBLE> and view.getGlobalVisibleRect() covers at least <75> percent of the view's area), com.wix.detox.espresso.scroll.DetoxScrollActionStaleAtEdge@15e2eab, (view.getTag() is "screen-reports-scroll" and view has effective visibility <VISIBLE>)]
03-19 09:24:40.167 15045 15045 D DetoxRNHelpers: Native RN module resolution (class com.reactnativecommunity.asyncstorage.AsyncStorageModule): no such class
03-19 09:24:40.167 15045 15045 D DetoxRNHelpers: Native RN module resolution (class com.reactnativecommunity.asyncstorage.AsyncStorageModule): no such class
03-19 09:24:40.168 15045 15045 I ViewInteraction: Checking 'MatchesViewAssertion(Detox){viewMatcher=(view has effective visibility <VISIBLE> and view.getGlobalVisibleRect() covers at least <75> percent of the view's area)}' assertion on view (view.getTag() is "reports-upload-center-card" and view has effective visibility <VISIBLE>)
03-19 09:24:40.170 15045 15070 I DetoxWSClient: Sending out action 'invokeResult' (ID #86)
03-19 09:24:40.170 15045 15070 I DetoxDispatcher: Done with action 'invoke'
03-19 09:24:40.176 15045 15074 D DetoxWSClient: Received action 'invoke' (ID #87, params={"target":{"type":"Class","value":"com.wix.detox.espresso.DetoxAssertion"},"method":"assertMatcher","args":[{"type":"Invocation","value":{"target":{"type":"Class","value":"androidx.test.espresso.Espresso"},"method":"onView","args":[{"type":"Invocation","value":{"target":{"type":"Class","value":"com.wix.detox.espresso.DetoxMatcher"},"method":"matcherForTestId","args":["reports-upload-center-card",{"type":"boolean","value":false}]}}]}},{"type":"Invocation","value":{"target":{"type":"Class","value":"com.wix.detox.espresso.DetoxMatcher"},"method":"matcherForSufficientlyVisible","args":[{"type":"Integer","value":75}]}}]})
03-19 09:24:40.177 15045 15070 I DetoxDispatcher: Handling action 'invoke' (ID #87)...
03-19 09:24:40.177 15045 15070 D Detox   : class com.wix.detox.espresso.DetoxMatcher, matcherForTestId, [reports-upload-center-card, false]
03-19 09:24:40.177 15045 15070 D Detox   : class androidx.test.espresso.Espresso, onView, [(view.getTag() is "reports-upload-center-card" and view has effective visibility <VISIBLE>)]
03-19 09:24:40.178 15045 15070 D Detox   : class com.wix.detox.espresso.DetoxMatcher, matcherForSufficientlyVisible, [75]
03-19 09:24:40.178 15045 15070 D Detox   : class com.wix.detox.espresso.DetoxAssertion, assertMatcher, [androidx.test.espresso.ViewInteraction@9c618a1, (view has effective visibility <VISIBLE> and view.getGlobalVisibleRect() covers at least <75> percent of the view's area)]
03-19 09:24:40.179 15045 15045 D DetoxRNHelpers: Native RN module resolution (class com.reactnativecommunity.asyncstorage.AsyncStorageModule): no such class
03-19 09:24:40.180 15045 15045 D DetoxRNHelpers: Native RN module resolution (class com.reactnativecommunity.asyncstorage.AsyncStorageModule): no such class
03-19 09:24:40.181 15045 15045 I ViewInteraction: Checking 'MatchesViewAssertion(Detox){viewMatcher=(view has effective visibility <VISIBLE> and view.getGlobalVisibleRect() covers at least <75> percent of the view's area)}' assertion on view (view.getTag() is "reports-upload-center-card" and view has effective visibility <VISIBLE>)
03-19 09:24:40.182 15045 15070 I DetoxWSClient: Sending out action 'invokeResult' (ID #87)
03-19 09:24:40.183 15045 15070 I DetoxDispatcher: Done with action 'invoke'
03-19 09:24:40.194 15045 15074 D DetoxWSClient: Received action 'invoke' (ID #88, params={"target":{"type":"Class","value":"com.wix.detox.espresso.DetoxAssertion"},"method":"waitForAssertMatcherWithSearchAction","args":[{"type":"Invocation","value":{"target":{"type":"Class","value":"androidx.test.espresso.Espresso"},"method":"onView","args":[{"type":"Invocation","value":{"target":{"type":"Class","value":"com.wix.detox.espresso.DetoxMatcher"},"method":"matcherForTestId","args":["reports-supported-upload-1",{"type":"boolean","value":false}]}}]}},{"type":"Invocation","value":{"target":{"type":"Class","value":"com.wix.detox.espresso.DetoxMatcher"},"method":"matcherForSufficientlyVisible","args":[{"type":"Integer","value":75}]}},{"type":"Invocation","value":{"target":{"type":"Class","value":"com.wix.detox.espresso.DetoxAction"},"method":"scrollInDirectionStaleAtEdge","args":[{"type":"Integer","value":4},{"type":"Double","value":220},{"type":"Double","value":-1},{"type":"Double","value":-1}]}},{"type":"Invocation","value":{"target":{"type":"Class","value":"com.wix.detox.espresso.DetoxMatcher"},"method":"matcherForTestId","args":["screen-reports-scroll",{"type":"boolean","value":false}]}}]})
03-19 09:24:40.195 15045 15070 I DetoxDispatcher: Handling action 'invoke' (ID #88)...
03-19 09:24:40.196 15045 15070 D Detox   : class com.wix.detox.espresso.DetoxMatcher, matcherForTestId, [reports-supported-upload-1, false]
03-19 09:24:40.197 15045 15070 D Detox   : class androidx.test.espresso.Espresso, onView, [(view.getTag() is "reports-supported-upload-1" and view has effective visibility <VISIBLE>)]
03-19 09:24:40.198 15045 15070 D Detox   : class com.wix.detox.espresso.DetoxMatcher, matcherForSufficientlyVisible, [75]
03-19 09:24:40.198 15045 15070 D Detox   : class com.wix.detox.espresso.DetoxAction, scrollInDirectionStaleAtEdge, [4, 220.0, -1.0, -1.0]
03-19 09:24:40.198 15045 15070 D Detox   : class com.wix.detox.espresso.DetoxMatcher, matcherForTestId, [screen-reports-scroll, false]
03-19 09:24:40.198 15045 15070 D Detox   : class com.wix.detox.espresso.DetoxAssertion, waitForAssertMatcherWithSearchAction, [androidx.test.espresso.ViewInteraction@25fbac6, (view has effective visibility <VISIBLE> and view.getGlobalVisibleRect() covers at least <75> percent of the view's area), com.wix.detox.espresso.scroll.DetoxScrollActionStaleAtEdge@8cf0a87, (view.getTag() is "screen-reports-scroll" and view has effective visibility <VISIBLE>)]
03-19 09:24:40.200 15045 15045 D DetoxRNHelpers: Native RN module resolution (class com.reactnativecommunity.asyncstorage.AsyncStorageModule): no such class
03-19 09:24:40.200 15045 15045 D DetoxRNHelpers: Native RN module resolution (class com.reactnativecommunity.asyncstorage.AsyncStorageModule): no such class
03-19 09:24:40.201 15045 15045 I ViewInteraction: Checking 'MatchesViewAssertion(Detox){viewMatcher=(view has effective visibility <VISIBLE> and view.getGlobalVisibleRect() covers at least <75> percent of the view's area)}' assertion on view (view.getTag() is "reports-supported-upload-1" and view has effective visibility <VISIBLE>)
03-19 09:24:40.201 15045 15070 I DetoxWSClient: Sending out action 'invokeResult' (ID #88)
03-19 09:24:40.201 15045 15070 I DetoxDispatcher: Done with action 'invoke'
03-19 09:24:40.209 15045 15074 D DetoxWSClient: Received action 'invoke' (ID #89, params={"target":{"type":"Class","value":"com.wix.detox.espresso.DetoxAssertion"},"method":"assertMatcher","args":[{"type":"Invocation","value":{"target":{"type":"Class","value":"androidx.test.espresso.Espresso"},"method":"onView","args":[{"type":"Invocation","value":{"target":{"type":"Class","value":"com.wix.detox.espresso.DetoxMatcher"},"method":"matcherForTestId","args":["reports-supported-upload-1",{"type":"boolean","value":false}]}}]}},{"type":"Invocation","value":{"target":{"type":"Class","value":"com.wix.detox.espresso.DetoxMatcher"},"method":"matcherForSufficientlyVisible","args":[{"type":"Integer","value":75}]}}]})
03-19 09:24:40.208 15045 15070 I DetoxDispatcher: Handling action 'invoke' (ID #89)...
03-19 09:24:40.210 15045 15070 D Detox   : class com.wix.detox.espresso.DetoxMatcher, matcherForTestId, [reports-supported-upload-1, false]
03-19 09:24:40.211 15045 15070 D Detox   : class androidx.test.espresso.Espresso, onView, [(view.getTag() is "reports-supported-upload-1" and view has effective visibility <VISIBLE>)]
03-19 09:24:40.212 15045 15070 D Detox   : class com.wix.detox.espresso.DetoxMatcher, matcherForSufficientlyVisible, [75]
03-19 09:24:40.212 15045 15070 D Detox   : class com.wix.detox.espresso.DetoxAssertion, assertMatcher, [androidx.test.espresso.ViewInteraction@48a9ddd, (view has effective visibility <VISIBLE> and view.getGlobalVisibleRect() covers at least <75> percent of the view's area)]
03-19 09:24:40.215 15045 15045 D DetoxRNHelpers: Native RN module resolution (class com.reactnativecommunity.asyncstorage.AsyncStorageModule): no such class
03-19 09:24:40.215 15045 15045 D DetoxRNHelpers: Native RN module resolution (class com.reactnativecommunity.asyncstorage.AsyncStorageModule): no such class
03-19 09:24:40.216 15045 15045 I ViewInteraction: Checking 'MatchesViewAssertion(Detox){viewMatcher=(view has effective visibility <VISIBLE> and view.getGlobalVisibleRect() covers at least <75> percent of the view's area)}' assertion on view (view.getTag() is "reports-supported-upload-1" and view has effective visibility <VISIBLE>)
03-19 09:24:40.217 15045 15070 I DetoxWSClient: Sending out action 'invokeResult' (ID #89)
03-19 09:24:40.217 15045 15070 I DetoxDispatcher: Done with action 'invoke'
03-19 09:24:40.229 15045 15074 D DetoxWSClient: Received action 'invoke' (ID #90, params={"target":{"type":"Class","value":"com.wix.detox.espresso.DetoxAssertion"},"method":"waitForAssertMatcherWithSearchAction","args":[{"type":"Invocation","value":{"target":{"type":"Class","value":"androidx.test.espresso.Espresso"},"method":"onView","args":[{"type":"Invocation","value":{"target":{"type":"Class","value":"com.wix.detox.espresso.DetoxMatcher"},"method":"matcherForTestId","args":["reports-supported-upload-2",{"type":"boolean","value":false}]}}]}},{"type":"Invocation","value":{"target":{"type":"Class","value":"com.wix.detox.espresso.DetoxMatcher"},"method":"matcherForSufficientlyVisible","args":[{"type":"Integer","value":75}]}},{"type":"Invocation","value":{"target":{"type":"Class","value":"com.wix.detox.espresso.DetoxAction"},"method":"scrollInDirectionStaleAtEdge","args":[{"type":"Integer","value":4},{"type":"Double","value":220},{"type":"Double","value":-1},{"type":"Double","value":-1}]}},{"type":"Invocation","value":{"target":{"type":"Class","value":"com.wix.detox.espresso.DetoxMatcher"},"method":"matcherForTestId","args":["screen-reports-scroll",{"type":"boolean","value":false}]}}]})
03-19 09:24:40.229 15045 15070 I DetoxDispatcher: Handling action 'invoke' (ID #90)...
03-19 09:24:40.230 15045 15070 D Detox   : class com.wix.detox.espresso.DetoxMatcher, matcherForTestId, [reports-supported-upload-2, false]
03-19 09:24:40.230 15045 15070 D Detox   : class androidx.test.espresso.Espresso, onView, [(view.getTag() is "reports-supported-upload-2" and view has effective visibility <VISIBLE>)]
03-19 09:24:40.230 15045 15070 D Detox   : class com.wix.detox.espresso.DetoxMatcher, matcherForSufficientlyVisible, [75]
03-19 09:24:40.230 15045 15070 D Detox   : class com.wix.detox.espresso.DetoxAction, scrollInDirectionStaleAtEdge, [4, 220.0, -1.0, -1.0]
03-19 09:24:40.230 15045 15070 D Detox   : class com.wix.detox.espresso.DetoxMatcher, matcherForTestId, [screen-reports-scroll, false]
03-19 09:24:40.230 15045 15070 D Detox   : class com.wix.detox.espresso.DetoxAssertion, waitForAssertMatcherWithSearchAction, [androidx.test.espresso.ViewInteraction@10cbd52, (view has effective visibility <VISIBLE> and view.getGlobalVisibleRect() covers at least <75> percent of the view's area), com.wix.detox.espresso.scroll.DetoxScrollActionStaleAtEdge@387c823, (view.getTag() is "screen-reports-scroll" and view has effective visibility <VISIBLE>)]
03-19 09:24:40.232 15045 15045 D DetoxRNHelpers: Native RN module resolution (class com.reactnativecommunity.asyncstorage.AsyncStorageModule): no such class
03-19 09:24:40.234 15045 15045 D DetoxRNHelpers: Native RN module resolution (class com.reactnativecommunity.asyncstorage.AsyncStorageModule): no such class
03-19 09:24:40.235 15045 15045 I ViewInteraction: Checking 'MatchesViewAssertion(Detox){viewMatcher=(view has effective visibility <VISIBLE> and view.getGlobalVisibleRect() covers at least <75> percent of the view's area)}' assertion on view (view.getTag() is "reports-supported-upload-2" and view has effective visibility <VISIBLE>)
03-19 09:24:40.236 15045 15070 I DetoxWSClient: Sending out action 'invokeResult' (ID #90)
03-19 09:24:40.237 15045 15070 I DetoxDispatcher: Done with action 'invoke'
03-19 09:24:40.244 15045 15074 D DetoxWSClient: Received action 'invoke' (ID #91, params={"target":{"type":"Class","value":"com.wix.detox.espresso.DetoxAssertion"},"method":"assertMatcher","args":[{"type":"Invocation","value":{"target":{"type":"Class","value":"androidx.test.espresso.Espresso"},"method":"onView","args":[{"type":"Invocation","value":{"target":{"type":"Class","value":"com.wix.detox.espresso.DetoxMatcher"},"method":"matcherForTestId","args":["reports-supported-upload-2",{"type":"boolean","value":false}]}}]}},{"type":"Invocation","value":{"target":{"type":"Class","value":"com.wix.detox.espresso.DetoxMatcher"},"method":"matcherForSufficientlyVisible","args":[{"type":"Integer","value":75}]}}]})
03-19 09:24:40.245 15045 15070 I DetoxDispatcher: Handling action 'invoke' (ID #91)...
03-19 09:24:40.245 15045 15070 D Detox   : class com.wix.detox.espresso.DetoxMatcher, matcherForTestId, [reports-supported-upload-2, false]
03-19 09:24:40.246 15045 15070 D Detox   : class androidx.test.espresso.Espresso, onView, [(view.getTag() is "reports-supported-upload-2" and view has effective visibility <VISIBLE>)]
03-19 09:24:40.246 15045 15070 D Detox   : class com.wix.detox.espresso.DetoxMatcher, matcherForSufficientlyVisible, [75]
03-19 09:24:40.246 15045 15070 D Detox   : class com.wix.detox.espresso.DetoxAssertion, assertMatcher, [androidx.test.espresso.ViewInteraction@1183ad9, (view has effective visibility <VISIBLE> and view.getGlobalVisibleRect() covers at least <75> percent of the view's area)]
03-19 09:24:40.249 15045 15045 D DetoxRNHelpers: Native RN module resolution (class com.reactnativecommunity.asyncstorage.AsyncStorageModule): no such class
03-19 09:24:40.250 15045 15045 D DetoxRNHelpers: Native RN module resolution (class com.reactnativecommunity.asyncstorage.AsyncStorageModule): no such class
03-19 09:24:40.250 15045 15045 I ViewInteraction: Checking 'MatchesViewAssertion(Detox){viewMatcher=(view has effective visibility <VISIBLE> and view.getGlobalVisibleRect() covers at least <75> percent of the view's area)}' assertion on view (view.getTag() is "reports-supported-upload-2" and view has effective visibility <VISIBLE>)
03-19 09:24:40.251 15045 15070 I DetoxWSClient: Sending out action 'invokeResult' (ID #91)
03-19 09:24:40.252 15045 15070 I DetoxDispatcher: Done with action 'invoke'
03-19 09:24:40.261 15045 15074 D DetoxWSClient: Received action 'invoke' (ID #92, params={"target":{"type":"Class","value":"com.wix.detox.espresso.DetoxAssertion"},"method":"waitForAssertMatcherWithSearchAction","args":[{"type":"Invocation","value":{"target":{"type":"Class","value":"androidx.test.espresso.Espresso"},"method":"onView","args":[{"type":"Invocation","value":{"target":{"type":"Class","value":"com.wix.detox.espresso.DetoxMatcher"},"method":"matcherForTestId","args":["reports-supported-upload-3",{"type":"boolean","value":false}]}}]}},{"type":"Invocation","value":{"target":{"type":"Class","value":"com.wix.detox.espresso.DetoxMatcher"},"method":"matcherForSufficientlyVisible","args":[{"type":"Integer","value":75}]}},{"type":"Invocation","value":{"target":{"type":"Class","value":"com.wix.detox.espresso.DetoxAction"},"method":"scrollInDirectionStaleAtEdge","args":[{"type":"Integer","value":4},{"type":"Double","value":220},{"type":"Double","value":-1},{"type":"Double","value":-1}]}},{"type":"Invocation","value":{"target":{"type":"Class","value":"com.wix.detox.espresso.DetoxMatcher"},"method":"matcherForTestId","args":["screen-reports-scroll",{"type":"boolean","value":false}]}}]})
03-19 09:24:40.261 15045 15070 I DetoxDispatcher: Handling action 'invoke' (ID #92)...
03-19 09:24:40.262 15045 15070 D Detox   : class com.wix.detox.espresso.DetoxMatcher, matcherForTestId, [reports-supported-upload-3, false]
03-19 09:24:40.262 15045 15070 D Detox   : class androidx.test.espresso.Espresso, onView, [(view.getTag() is "reports-supported-upload-3" and view has effective visibility <VISIBLE>)]
03-19 09:24:40.262 15045 15070 D Detox   : class com.wix.detox.espresso.DetoxMatcher, matcherForSufficientlyVisible, [75]
03-19 09:24:40.263 15045 15070 D Detox   : class com.wix.detox.espresso.DetoxAction, scrollInDirectionStaleAtEdge, [4, 220.0, -1.0, -1.0]
03-19 09:24:40.263 15045 15070 D Detox   : class com.wix.detox.espresso.DetoxMatcher, matcherForTestId, [screen-reports-scroll, false]
03-19 09:24:40.263 15045 15070 D Detox   : class com.wix.detox.espresso.DetoxAssertion, waitForAssertMatcherWithSearchAction, [androidx.test.espresso.ViewInteraction@6155c9e, (view has effective visibility <VISIBLE> and view.getGlobalVisibleRect() covers at least <75> percent of the view's area), com.wix.detox.espresso.scroll.DetoxScrollActionStaleAtEdge@984c37f, (view.getTag() is "screen-reports-scroll" and view has effective visibility <VISIBLE>)]
03-19 09:24:40.264 15045 15045 D DetoxRNHelpers: Native RN module resolution (class com.reactnativecommunity.asyncstorage.AsyncStorageModule): no such class
03-19 09:24:40.265 15045 15045 D DetoxRNHelpers: Native RN module resolution (class com.reactnativecommunity.asyncstorage.AsyncStorageModule): no such class
03-19 09:24:40.265 15045 15045 I ViewInteraction: Checking 'MatchesViewAssertion(Detox){viewMatcher=(view has effective visibility <VISIBLE> and view.getGlobalVisibleRect() covers at least <75> percent of the view's area)}' assertion on view (view.getTag() is "reports-supported-upload-3" and view has effective visibility <VISIBLE>)
03-19 09:24:40.266 15045 15070 I DetoxWSClient: Sending out action 'invokeResult' (ID #92)
03-19 09:24:40.267 15045 15070 I DetoxDispatcher: Done with action 'invoke'
03-19 09:24:40.274 15045 15074 D DetoxWSClient: Received action 'invoke' (ID #93, params={"target":{"type":"Class","value":"com.wix.detox.espresso.DetoxAssertion"},"method":"assertMatcher","args":[{"type":"Invocation","value":{"target":{"type":"Class","value":"androidx.test.espresso.Espresso"},"method":"onView","args":[{"type":"Invocation","value":{"target":{"type":"Class","value":"com.wix.detox.espresso.DetoxMatcher"},"method":"matcherForTestId","args":["reports-supported-upload-3",{"type":"boolean","value":false}]}}]}},{"type":"Invocation","value":{"target":{"type":"Class","value":"com.wix.detox.espresso.DetoxMatcher"},"method":"matcherForSufficientlyVisible","args":[{"type":"Integer","value":75}]}}]})
03-19 09:24:40.274 15045 15070 I DetoxDispatcher: Handling action 'invoke' (ID #93)...
03-19 09:24:40.275 15045 15070 D Detox   : class com.wix.detox.espresso.DetoxMatcher, matcherForTestId, [reports-supported-upload-3, false]
03-19 09:24:40.276 15045 15070 D Detox   : class androidx.test.espresso.Espresso, onView, [(view.getTag() is "reports-supported-upload-3" and view has effective visibility <VISIBLE>)]
03-19 09:24:40.277 15045 15070 D Detox   : class com.wix.detox.espresso.DetoxMatcher, matcherForSufficientlyVisible, [75]
03-19 09:24:40.277 15045 15070 D Detox   : class com.wix.detox.espresso.DetoxAssertion, assertMatcher, [androidx.test.espresso.ViewInteraction@d48ab95, (view has effective visibility <VISIBLE> and view.getGlobalVisibleRect() covers at least <75> percent of the view's area)]
03-19 09:24:40.278 15045 15045 D DetoxRNHelpers: Native RN module resolution (class com.reactnativecommunity.asyncstorage.AsyncStorageModule): no such class
03-19 09:24:40.279 15045 15045 D DetoxRNHelpers: Native RN module resolution (class com.reactnativecommunity.asyncstorage.AsyncStorageModule): no such class
03-19 09:24:40.281 15045 15045 I ViewInteraction: Checking 'MatchesViewAssertion(Detox){viewMatcher=(view has effective visibility <VISIBLE> and view.getGlobalVisibleRect() covers at least <75> percent of the view's area)}' assertion on view (view.getTag() is "reports-supported-upload-3" and view has effective visibility <VISIBLE>)
03-19 09:24:40.282 15045 15070 I DetoxWSClient: Sending out action 'invokeResult' (ID #93)
03-19 09:24:40.282 15045 15070 I DetoxDispatcher: Done with action 'invoke'
03-19 09:24:40.293 15045 15074 D DetoxWSClient: Received action 'invoke' (ID #94, params={"target":{"type":"Class","value":"com.wix.detox.espresso.DetoxAssertion"},"method":"waitForAssertMatcherWithSearchAction","args":[{"type":"Invocation","value":{"target":{"type":"Class","value":"androidx.test.espresso.Espresso"},"method":"onView","args":[{"type":"Invocation","value":{"target":{"type":"Class","value":"com.wix.detox.espresso.DetoxMatcher"},"method":"matcherForTestId","args":["reports-supported-upload-4",{"type":"boolean","value":false}]}}]}},{"type":"Invocation","value":{"target":{"type":"Class","value":"com.wix.detox.espresso.DetoxMatcher"},"method":"matcherForSufficientlyVisible","args":[{"type":"Integer","value":75}]}},{"type":"Invocation","value":{"target":{"type":"Class","value":"com.wix.detox.espresso.DetoxAction"},"method":"scrollInDirectionStaleAtEdge","args":[{"type":"Integer","value":4},{"type":"Double","value":220},{"type":"Double","value":-1},{"type":"Double","value":-1}]}},{"type":"Invocation","value":{"target":{"type":"Class","value":"com.wix.detox.espresso.DetoxMatcher"},"method":"matcherForTestId","args":["screen-reports-scroll",{"type":"boolean","value":false}]}}]})
03-19 09:24:40.294 15045 15070 I DetoxDispatcher: Handling action 'invoke' (ID #94)...
03-19 09:24:40.294 15045 15070 D Detox   : class com.wix.detox.espresso.DetoxMatcher, matcherForTestId, [reports-supported-upload-4, false]
03-19 09:24:40.294 15045 15070 D Detox   : class androidx.test.espresso.Espresso, onView, [(view.getTag() is "reports-supported-upload-4" and view has effective visibility <VISIBLE>)]
03-19 09:24:40.294 15045 15070 D Detox   : class com.wix.detox.espresso.DetoxMatcher, matcherForSufficientlyVisible, [75]
03-19 09:24:40.294 15045 15070 D Detox   : class com.wix.detox.espresso.DetoxAction, scrollInDirectionStaleAtEdge, [4, 220.0, -1.0, -1.0]
03-19 09:24:40.295 15045 15070 D Detox   : class com.wix.detox.espresso.DetoxMatcher, matcherForTestId, [screen-reports-scroll, false]
03-19 09:24:40.295 15045 15070 D Detox   : class com.wix.detox.espresso.DetoxAssertion, waitForAssertMatcherWithSearchAction, [androidx.test.espresso.ViewInteraction@676a4aa, (view has effective visibility <VISIBLE> and view.getGlobalVisibleRect() covers at least <75> percent of the view's area), com.wix.detox.espresso.scroll.DetoxScrollActionStaleAtEdge@c2c189b, (view.getTag() is "screen-reports-scroll" and view has effective visibility <VISIBLE>)]
03-19 09:24:40.295 15045 15045 D DetoxRNHelpers: Native RN module resolution (class com.reactnativecommunity.asyncstorage.AsyncStorageModule): no such class
03-19 09:24:40.296 15045 15045 D DetoxRNHelpers: Native RN module resolution (class com.reactnativecommunity.asyncstorage.AsyncStorageModule): no such class
03-19 09:24:40.297 15045 15045 I ViewInteraction: Checking 'MatchesViewAssertion(Detox){viewMatcher=(view has effective visibility <VISIBLE> and view.getGlobalVisibleRect() covers at least <75> percent of the view's area)}' assertion on view (view.getTag() is "reports-supported-upload-4" and view has effective visibility <VISIBLE>)
03-19 09:24:40.298 15045 15070 I DetoxWSClient: Sending out action 'invokeResult' (ID #94)
03-19 09:24:40.298 15045 15070 I DetoxDispatcher: Done with action 'invoke'
03-19 09:24:40.306 15045 15074 D DetoxWSClient: Received action 'invoke' (ID #95, params={"target":{"type":"Class","value":"com.wix.detox.espresso.DetoxAssertion"},"method":"assertMatcher","args":[{"type":"Invocation","value":{"target":{"type":"Class","value":"androidx.test.espresso.Espresso"},"method":"onView","args":[{"type":"Invocation","value":{"target":{"type":"Class","value":"com.wix.detox.espresso.DetoxMatcher"},"method":"matcherForTestId","args":["reports-supported-upload-4",{"type":"boolean","value":false}]}}]}},{"type":"Invocation","value":{"target":{"type":"Class","value":"com.wix.detox.espresso.DetoxMatcher"},"method":"matcherForSufficientlyVisible","args":[{"type":"Integer","value":75}]}}]})
03-19 09:24:40.307 15045 15070 I DetoxDispatcher: Handling action 'invoke' (ID #95)...
03-19 09:24:40.307 15045 15070 D Detox   : class com.wix.detox.espresso.DetoxMatcher, matcherForTestId, [reports-supported-upload-4, false]
03-19 09:24:40.307 15045 15070 D Detox   : class androidx.test.espresso.Espresso, onView, [(view.getTag() is "reports-supported-upload-4" and view has effective visibility <VISIBLE>)]
03-19 09:24:40.308 15045 15070 D Detox   : class com.wix.detox.espresso.DetoxMatcher, matcherForSufficientlyVisible, [75]
03-19 09:24:40.308 15045 15070 D Detox   : class com.wix.detox.espresso.DetoxAssertion, assertMatcher, [androidx.test.espresso.ViewInteraction@d56c11, (view has effective visibility <VISIBLE> and view.getGlobalVisibleRect() covers at least <75> percent of the view's area)]
03-19 09:24:40.309 15045 15045 D DetoxRNHelpers: Native RN module resolution (class com.reactnativecommunity.asyncstorage.AsyncStorageModule): no such class
03-19 09:24:40.309 15045 15045 D DetoxRNHelpers: Native RN module resolution (class com.reactnativecommunity.asyncstorage.AsyncStorageModule): no such class
03-19 09:24:40.310 15045 15045 I ViewInteraction: Checking 'MatchesViewAssertion(Detox){viewMatcher=(view has effective visibility <VISIBLE> and view.getGlobalVisibleRect() covers at least <75> percent of the view's area)}' assertion on view (view.getTag() is "reports-supported-upload-4" and view has effective visibility <VISIBLE>)
