03-19 09:24:41.130 15045 15045 I AutofillManager: showAutofillDialog() return false due to improve fill dialog
03-19 09:24:41.130 15045 15045 I ImeTracker: com.anonymous.heartguardai:b7995dc1: onRequestShow at ORIGIN_CLIENT reason SHOW_SOFT_INPUT fromUser true
--------- beginning of system
03-19 09:24:41.133 15045 15045 D InsetsController: show(ime())
03-19 09:24:41.133 15045 15045 D InsetsController: Setting requestedVisibleTypes to 511 (was 503)
03-19 09:24:41.180 15045 15045 I AssistStructure: Flattened final assist data: 5084 bytes, containing 2 windows, 40 views
03-19 09:24:41.184 15045 15045 I ImeTracker: com.anonymous.heartguardai:4cfc34bb: onRequestShow at ORIGIN_CLIENT reason SHOW_SOFT_INPUT fromUser false
03-19 09:24:41.184 15045 15045 D InsetsController: show(ime())
03-19 09:24:41.185 15045 15045 I ImeTracker: com.anonymous.heartguardai:4cfc34bb: onCancelled at PHASE_CLIENT_REPORT_REQUESTED_VISIBLE_TYPES
03-19 09:24:41.185 15045 15045 D WindowOnBackDispatcher: setTopOnBackInvokedCallback (unwrapped): android.widget.PopupWindow$PopupDecorView$$ExternalSyntheticLambda1@5eefbc3
03-19 09:24:41.233 15045 15045 D DetoxRNHelpers: Native RN module resolution (class com.reactnativecommunity.asyncstorage.AsyncStorageModule): no such class
03-19 09:24:41.233 15045 15045 D DetoxRNHelpers: Native RN module resolution (class com.reactnativecommunity.asyncstorage.AsyncStorageModule): no such class
03-19 09:24:41.334 15045 15074 D DetoxWSClient: Received action 'currentStatus' (ID #114, params={})
03-19 09:24:41.334 15045 15071 I DetoxDispatcher: Handling action 'currentStatus' (ID #114)...
03-19 09:24:41.335 15045 15045 D DetoxRNHelpers: Native RN module resolution (class com.reactnativecommunity.asyncstorage.AsyncStorageModule): no such class
03-19 09:24:41.336 15045 15071 I DetoxWSClient: Sending out action 'currentStatusResult' (ID #114)
03-19 09:24:41.338 15045 15071 I DetoxDispatcher: Done with action 'currentStatus'
03-19 09:24:41.454 15045 15045 D WindowOnBackDispatcher: setTopOnBackInvokedCallback (unwrapped): android.view.ImeBackAnimationController@4cf4596
03-19 09:24:41.535 15045 15045 D DetoxRNHelpers: Native RN module resolution (class com.reactnativecommunity.asyncstorage.AsyncStorageModule): no such class
03-19 09:24:41.536 15045 15045 D DetoxRNHelpers: Native RN module resolution (class com.reactnativecommunity.asyncstorage.AsyncStorageModule): no such class
03-19 09:24:41.619 15045 15045 D DetoxRNHelpers: Native RN module resolution (class com.reactnativecommunity.asyncstorage.AsyncStorageModule): no such class
03-19 09:24:41.621 15045 15045 D DetoxRNHelpers: Native RN module resolution (class com.reactnativecommunity.asyncstorage.AsyncStorageModule): no such class
03-19 09:24:41.622 15045 15045 D DetoxRNHelpers: Native RN module resolution (class com.reactnativecommunity.asyncstorage.AsyncStorageModule): no such class
03-19 09:24:41.623 15045 15045 D DetoxRNHelpers: Native RN module resolution (class com.reactnativecommunity.asyncstorage.AsyncStorageModule): no such class
03-19 09:24:41.626 15045 15070 I DetoxWSClient: Sending out action 'invokeResult' (ID #113)
03-19 09:24:41.627 15045 15070 I DetoxDispatcher: Done with action 'invoke'
03-19 09:24:41.642 15045 15074 D DetoxWSClient: Received action 'invoke' (ID #115, params={"target":{"type":"Class","value":"com.wix.detox.espresso.EspressoDetox"},"method":"perform","args":[{"type":"Invocation","value":{"target":{"type":"Class","value":"com.wix.detox.espresso.DetoxMatcher"},"method":"matcherForTestId","args":["field-reports-report-type",{"type":"boolean","value":false}]}},{"type":"Invocation","value":{"target":{"type":"Class","value":"androidx.test.espresso.action.ViewActions"},"method":"replaceText","args":["detox_lipid_profile"]}}]})
03-19 09:24:41.644 15045 15070 I DetoxDispatcher: Handling action 'invoke' (ID #115)...
03-19 09:24:41.644 15045 15070 D Detox   : class com.wix.detox.espresso.DetoxMatcher, matcherForTestId, [field-reports-report-type, false]
03-19 09:24:41.645 15045 15070 D Detox   : class androidx.test.espresso.action.ViewActions, replaceText, [detox_lipid_profile]
03-19 09:24:41.645 15045 15070 D Detox   : class com.wix.detox.espresso.EspressoDetox, perform, [(view.getTag() is "field-reports-report-type" and view has effective visibility <VISIBLE>), androidx.test.espresso.action.ReplaceTextAction@b788517]
03-19 09:24:41.659 15045 15045 D DetoxRNHelpers: Native RN module resolution (class com.reactnativecommunity.asyncstorage.AsyncStorageModule): no such class
03-19 09:24:41.666 15045 15286 W InteractionJankMonitor: Initializing without READ_DEVICE_CONFIG permission. enabled=false, interval=1, missedFrameThreshold=3, frameTimeThreshold=64, package=com.anonymous.heartguardai
03-19 09:24:41.681 15045 15045 D DetoxRNHelpers: Native RN module resolution (class com.reactnativecommunity.asyncstorage.AsyncStorageModule): no such class
03-19 09:24:41.682 15045 15045 I ViewInteraction: Performing 'replace text(detox_lipid_profile)' action on view (view.getTag() is "field-reports-report-type" and view has effective visibility <VISIBLE>)
03-19 09:24:41.686 15045 15045 D WindowOnBackDispatcher: setTopOnBackInvokedCallback (unwrapped): null
03-19 09:24:41.699 15045 15070 I DetoxWSClient: Sending out action 'invokeResult' (ID #115)
03-19 09:24:41.699 15045 15070 I DetoxDispatcher: Done with action 'invoke'
03-19 09:24:41.707 15045 15074 D DetoxWSClient: Received action 'invoke' (ID #116, params={"target":{"type":"Class","value":"com.wix.detox.espresso.EspressoDetox"},"method":"perform","args":[{"type":"Invocation","value":{"target":{"type":"Class","value":"com.wix.detox.espresso.DetoxMatcher"},"method":"matcherForTestId","args":["reports-upload-button",{"type":"boolean","value":false}]}},{"type":"Invocation","value":{"target":{"type":"Class","value":"com.wix.detox.espresso.DetoxViewActions"},"method":"click","args":[]}}]})
03-19 09:24:41.708 15045 15070 I DetoxDispatcher: Handling action 'invoke' (ID #116)...
03-19 09:24:41.708 15045 15070 D Detox   : class com.wix.detox.espresso.DetoxMatcher, matcherForTestId, [reports-upload-button, false]
03-19 09:24:41.709 15045 15070 D Detox   : class com.wix.detox.espresso.DetoxViewActions, click, []
03-19 09:24:41.710 15045 15070 D Detox   : class com.wix.detox.espresso.EspressoDetox, perform, [(view.getTag() is "reports-upload-button" and view has effective visibility <VISIBLE>), com.wix.detox.espresso.action.RNClickAction@b4d97a3]
03-19 09:24:41.725 15045 15045 D DetoxRNHelpers: Native RN module resolution (class com.reactnativecommunity.asyncstorage.AsyncStorageModule): no such class
03-19 09:24:41.727 15045 15045 D DetoxRNHelpers: Native RN module resolution (class com.reactnativecommunity.asyncstorage.AsyncStorageModule): no such class
03-19 09:24:41.727 15045 15045 I ViewInteraction: Performing 'com.wix.detox.espresso.action.detoxsingletap@c842dc4 click' action on view (view.getTag() is "reports-upload-button" and view has effective visibility <VISIBLE>)
03-19 09:24:41.782 15045 15045 D DetoxRNHelpers: Native RN module resolution (class com.reactnativecommunity.asyncstorage.AsyncStorageModule): no such class
03-19 09:24:41.793 15045 15045 I ImeTracker: com.anonymous.heartguardai:c893ed31: onRequestHide at ORIGIN_CLIENT reason HIDE_SOFT_INPUT fromUser false
03-19 09:24:41.793 15045 15045 D InsetsController: hide(ime())
03-19 09:24:41.800 15045 15045 D WindowOnBackDispatcher: setTopOnBackInvokedCallback (unwrapped): androidx.activity.OnBackPressedDispatcher$Api34Impl$createOnBackAnimationCallback$1@ccabb2f
03-19 09:24:41.801 15045 15045 D InsetsController: Setting requestedVisibleTypes to 503 (was 511)
03-19 09:24:41.801 15045 15045 I ImeTracker: com.anonymous.heartguardai:b7995dc1: onCancelled at PHASE_CLIENT_ANIMATION_CANCEL
03-19 09:24:41.803 15045 15045 D CompatChangeReporter: Compat change id reported: 395521150; UID 10230; state: ENABLED
03-19 09:24:41.840 15045 15045 D DetoxRNHelpers: Native RN module resolution (class com.reactnativecommunity.asyncstorage.AsyncStorageModule): no such class
03-19 09:24:41.847 15045 15045 I ImeTracker: system_server:4a652188: onCancelled at PHASE_CLIENT_ON_CONTROLS_CHANGED
03-19 09:24:42.143 15045 15045 D DetoxRNHelpers: Native RN module resolution (class com.reactnativecommunity.asyncstorage.AsyncStorageModule): no such class
03-19 09:24:42.143 15045 15045 D DetoxRNHelpers: Native RN module resolution (class com.reactnativecommunity.asyncstorage.AsyncStorageModule): no such class
03-19 09:24:42.218 15045 15045 D DetoxRNHelpers: Native RN module resolution (class com.reactnativecommunity.asyncstorage.AsyncStorageModule): no such class
03-19 09:24:42.218 15045 15045 D DetoxRNHelpers: Native RN module resolution (class com.reactnativecommunity.asyncstorage.AsyncStorageModule): no such class
03-19 09:24:42.219 15045 15045 D DetoxRNHelpers: Native RN module resolution (class com.reactnativecommunity.asyncstorage.AsyncStorageModule): no such class
03-19 09:24:42.220 15045 15045 D DetoxRNHelpers: Native RN module resolution (class com.reactnativecommunity.asyncstorage.AsyncStorageModule): no such class
03-19 09:24:42.220 15045 15070 I DetoxWSClient: Sending out action 'invokeResult' (ID #116)
03-19 09:24:42.220 15045 15070 I DetoxDispatcher: Done with action 'invoke'
03-19 09:24:42.229 15045 15074 D DetoxWSClient: Received action 'invoke' (ID #117, params={"target":{"type":"Class","value":"com.wix.detox.espresso.DetoxAssertion"},"method":"waitForAssertMatcher","args":[{"type":"Invocation","value":{"target":{"type":"Class","value":"androidx.test.espresso.Espresso"},"method":"onView","args":[{"type":"Invocation","value":{"target":{"type":"Class","value":"com.wix.detox.espresso.DetoxMatcher"},"method":"matcherForTestId","args":["reports-upload-status",{"type":"boolean","value":false}]}}]}},{"type":"Invocation","value":{"target":{"type":"Class","value":"com.wix.detox.espresso.DetoxMatcher"},"method":"matcherForText","args":["Uploaded detox-heart-report.txt. Extraction confidence: 15%.",{"type":"boolean","value":false}]}},{"type":"Double","value":30}]})
03-19 09:24:42.229 15045 15070 I DetoxDispatcher: Handling action 'invoke' (ID #117)...
03-19 09:24:42.229 15045 15070 D Detox   : class com.wix.detox.espresso.DetoxMatcher, matcherForTestId, [reports-upload-status, false]
03-19 09:24:42.230 15045 15070 D Detox   : class androidx.test.espresso.Espresso, onView, [(view.getTag() is "reports-upload-status" and view has effective visibility <VISIBLE>)]
03-19 09:24:42.230 15045 15070 D Detox   : class com.wix.detox.espresso.DetoxMatcher, matcherForText, [Uploaded detox-heart-report.txt. Extraction confidence: 15%., false]
03-19 09:24:42.230 15045 15070 D Detox   : class com.wix.detox.espresso.DetoxAssertion, waitForAssertMatcher, [androidx.test.espresso.ViewInteraction@ac87373, (an instance of android.widget.TextView and view.getText() with or without transformation to match: is "Uploaded detox-heart-report.txt. Extraction confidence: 15%." and view has effective visibility <VISIBLE>), 30.0]
03-19 09:24:42.232 15045 15045 D DetoxRNHelpers: Native RN module resolution (class com.reactnativecommunity.asyncstorage.AsyncStorageModule): no such class
03-19 09:24:42.232 15045 15045 D DetoxRNHelpers: Native RN module resolution (class com.reactnativecommunity.asyncstorage.AsyncStorageModule): no such class
03-19 09:24:42.234 15045 15045 I ViewInteraction: Checking 'MatchesViewAssertion(Detox){viewMatcher=(an instance of android.widget.TextView and view.getText() with or without transformation to match: is "Uploaded detox-heart-report.txt. Extraction confidence: 15%." and view has effective visibility <VISIBLE>)}' assertion on view (view.getTag() is "reports-upload-status" and view has effective visibility <VISIBLE>)
03-19 09:24:42.257 15045 15045 D DetoxRNHelpers: Native RN module resolution (class com.reactnativecommunity.asyncstorage.AsyncStorageModule): no such class
03-19 09:24:42.258 15045 15045 D DetoxRNHelpers: Native RN module resolution (class com.reactnativecommunity.asyncstorage.AsyncStorageModule): no such class
03-19 09:24:42.259 15045 15045 D DetoxRNHelpers: Native RN module resolution (class com.reactnativecommunity.asyncstorage.AsyncStorageModule): no such class
03-19 09:24:42.260 15045 15045 D DetoxRNHelpers: Native RN module resolution (class com.reactnativecommunity.asyncstorage.AsyncStorageModule): no such class
03-19 09:24:42.261 15045 15045 I ViewInteraction: Checking 'MatchesViewAssertion(Detox){viewMatcher=(an instance of android.widget.TextView and view.getText() with or without transformation to match: is "Uploaded detox-heart-report.txt. Extraction confidence: 15%." and view has effective visibility <VISIBLE>)}' assertion on view (view.getTag() is "reports-upload-status" and view has effective visibility <VISIBLE>)
03-19 09:24:42.290 15045 15045 D DetoxRNHelpers: Native RN module resolution (class com.reactnativecommunity.asyncstorage.AsyncStorageModule): no such class
03-19 09:24:42.291 15045 15045 D DetoxRNHelpers: Native RN module resolution (class com.reactnativecommunity.asyncstorage.AsyncStorageModule): no such class
03-19 09:24:42.295 15045 15045 D DetoxRNHelpers: Native RN module resolution (class com.reactnativecommunity.asyncstorage.AsyncStorageModule): no such class
03-19 09:24:42.297 15045 15045 D DetoxRNHelpers: Native RN module resolution (class com.reactnativecommunity.asyncstorage.AsyncStorageModule): no such class
03-19 09:24:42.299 15045 15045 I ViewInteraction: Checking 'MatchesViewAssertion(Detox){viewMatcher=(an instance of android.widget.TextView and view.getText() with or without transformation to match: is "Uploaded detox-heart-report.txt. Extraction confidence: 15%." and view has effective visibility <VISIBLE>)}' assertion on view (view.getTag() is "reports-upload-status" and view has effective visibility <VISIBLE>)
03-19 09:24:42.323 15045 15045 D DetoxRNHelpers: Native RN module resolution (class com.reactnativecommunity.asyncstorage.AsyncStorageModule): no such class
03-19 09:24:42.323 15045 15045 D DetoxRNHelpers: Native RN module resolution (class com.reactnativecommunity.asyncstorage.AsyncStorageModule): no such class
03-19 09:24:42.325 15045 15045 D DetoxRNHelpers: Native RN module resolution (class com.reactnativecommunity.asyncstorage.AsyncStorageModule): no such class
03-19 09:24:42.326 15045 15045 D DetoxRNHelpers: Native RN module resolution (class com.reactnativecommunity.asyncstorage.AsyncStorageModule): no such class
03-19 09:24:42.326 15045 15045 I ViewInteraction: Checking 'MatchesViewAssertion(Detox){viewMatcher=(an instance of android.widget.TextView and view.getText() with or without transformation to match: is "Uploaded detox-heart-report.txt. Extraction confidence: 15%." and view has effective visibility <VISIBLE>)}' assertion on view (view.getTag() is "reports-upload-status" and view has effective visibility <VISIBLE>)
03-19 09:24:42.351 15045 15045 D DetoxRNHelpers: Native RN module resolution (class com.reactnativecommunity.asyncstorage.AsyncStorageModule): no such class
03-19 09:24:42.352 15045 15045 D DetoxRNHelpers: Native RN module resolution (class com.reactnativecommunity.asyncstorage.AsyncStorageModule): no such class
03-19 09:24:42.354 15045 15045 D DetoxRNHelpers: Native RN module resolution (class com.reactnativecommunity.asyncstorage.AsyncStorageModule): no such class
03-19 09:24:42.354 15045 15045 D DetoxRNHelpers: Native RN module resolution (class com.reactnativecommunity.asyncstorage.AsyncStorageModule): no such class
03-19 09:24:42.354 15045 15045 I ViewInteraction: Checking 'MatchesViewAssertion(Detox){viewMatcher=(an instance of android.widget.TextView and view.getText() with or without transformation to match: is "Uploaded detox-heart-report.txt. Extraction confidence: 15%." and view has effective visibility <VISIBLE>)}' assertion on view (view.getTag() is "reports-upload-status" and view has effective visibility <VISIBLE>)
03-19 09:24:42.377 15045 15045 D DetoxRNHelpers: Native RN module resolution (class com.reactnativecommunity.asyncstorage.AsyncStorageModule): no such class
03-19 09:24:42.378 15045 15045 D DetoxRNHelpers: Native RN module resolution (class com.reactnativecommunity.asyncstorage.AsyncStorageModule): no such class
03-19 09:24:42.380 15045 15045 D DetoxRNHelpers: Native RN module resolution (class com.reactnativecommunity.asyncstorage.AsyncStorageModule): no such class
03-19 09:24:42.381 15045 15045 D DetoxRNHelpers: Native RN module resolution (class com.reactnativecommunity.asyncstorage.AsyncStorageModule): no such class
03-19 09:24:42.382 15045 15045 I ViewInteraction: Checking 'MatchesViewAssertion(Detox){viewMatcher=(an instance of android.widget.TextView and view.getText() with or without transformation to match: is "Uploaded detox-heart-report.txt. Extraction confidence: 15%." and view has effective visibility <VISIBLE>)}' assertion on view (view.getTag() is "reports-upload-status" and view has effective visibility <VISIBLE>)
03-19 09:24:42.405 15045 15045 D DetoxRNHelpers: Native RN module resolution (class com.reactnativecommunity.asyncstorage.AsyncStorageModule): no such class
03-19 09:24:42.406 15045 15045 D DetoxRNHelpers: Native RN module resolution (class com.reactnativecommunity.asyncstorage.AsyncStorageModule): no such class
03-19 09:24:42.408 15045 15045 D DetoxRNHelpers: Native RN module resolution (class com.reactnativecommunity.asyncstorage.AsyncStorageModule): no such class
03-19 09:24:42.410 15045 15045 D DetoxRNHelpers: Native RN module resolution (class com.reactnativecommunity.asyncstorage.AsyncStorageModule): no such class
03-19 09:24:42.410 15045 15045 I ViewInteraction: Checking 'MatchesViewAssertion(Detox){viewMatcher=(an instance of android.widget.TextView and view.getText() with or without transformation to match: is "Uploaded detox-heart-report.txt. Extraction confidence: 15%." and view has effective visibility <VISIBLE>)}' assertion on view (view.getTag() is "reports-upload-status" and view has effective visibility <VISIBLE>)
03-19 09:24:42.434 15045 15045 D DetoxRNHelpers: Native RN module resolution (class com.reactnativecommunity.asyncstorage.AsyncStorageModule): no such class
03-19 09:24:42.435 15045 15045 D DetoxRNHelpers: Native RN module resolution (class com.reactnativecommunity.asyncstorage.AsyncStorageModule): no such class
03-19 09:24:42.436 15045 15045 D DetoxRNHelpers: Native RN module resolution (class com.reactnativecommunity.asyncstorage.AsyncStorageModule): no such class
03-19 09:24:42.437 15045 15045 D DetoxRNHelpers: Native RN module resolution (class com.reactnativecommunity.asyncstorage.AsyncStorageModule): no such class
03-19 09:24:42.438 15045 15045 I ViewInteraction: Checking 'MatchesViewAssertion(Detox){viewMatcher=(an instance of android.widget.TextView and view.getText() with or without transformation to match: is "Uploaded detox-heart-report.txt. Extraction confidence: 15%." and view has effective visibility <VISIBLE>)}' assertion on view (view.getTag() is "reports-upload-status" and view has effective visibility <VISIBLE>)
03-19 09:24:42.461 15045 15045 D DetoxRNHelpers: Native RN module resolution (class com.reactnativecommunity.asyncstorage.AsyncStorageModule): no such class
03-19 09:24:42.461 15045 15045 D DetoxRNHelpers: Native RN module resolution (class com.reactnativecommunity.asyncstorage.AsyncStorageModule): no such class
03-19 09:24:42.462 15045 15045 D DetoxRNHelpers: Native RN module resolution (class com.reactnativecommunity.asyncstorage.AsyncStorageModule): no such class
03-19 09:24:42.462 15045 15045 D DetoxRNHelpers: Native RN module resolution (class com.reactnativecommunity.asyncstorage.AsyncStorageModule): no such class
03-19 09:24:42.463 15045 15045 I ViewInteraction: Checking 'MatchesViewAssertion(Detox){viewMatcher=(an instance of android.widget.TextView and view.getText() with or without transformation to match: is "Uploaded detox-heart-report.txt. Extraction confidence: 15%." and view has effective visibility <VISIBLE>)}' assertion on view (view.getTag() is "reports-upload-status" and view has effective visibility <VISIBLE>)
03-19 09:24:42.495 15045 15045 D DetoxRNHelpers: Native RN module resolution (class com.reactnativecommunity.asyncstorage.AsyncStorageModule): no such class
03-19 09:24:42.496 15045 15045 D DetoxRNHelpers: Native RN module resolution (class com.reactnativecommunity.asyncstorage.AsyncStorageModule): no such class
03-19 09:24:42.497 15045 15045 D DetoxRNHelpers: Native RN module resolution (class com.reactnativecommunity.asyncstorage.AsyncStorageModule): no such class
03-19 09:24:42.497 15045 15045 D DetoxRNHelpers: Native RN module resolution (class com.reactnativecommunity.asyncstorage.AsyncStorageModule): no such class
03-19 09:24:42.498 15045 15045 I ViewInteraction: Checking 'MatchesViewAssertion(Detox){viewMatcher=(an instance of android.widget.TextView and view.getText() with or without transformation to match: is "Uploaded detox-heart-report.txt. Extraction confidence: 15%." and view has effective visibility <VISIBLE>)}' assertion on view (view.getTag() is "reports-upload-status" and view has effective visibility <VISIBLE>)
03-19 09:24:42.520 15045 15045 D DetoxRNHelpers: Native RN module resolution (class com.reactnativecommunity.asyncstorage.AsyncStorageModule): no such class
03-19 09:24:42.521 15045 15045 D DetoxRNHelpers: Native RN module resolution (class com.reactnativecommunity.asyncstorage.AsyncStorageModule): no such class
03-19 09:24:42.522 15045 15045 D DetoxRNHelpers: Native RN module resolution (class com.reactnativecommunity.asyncstorage.AsyncStorageModule): no such class
03-19 09:24:42.522 15045 15045 D DetoxRNHelpers: Native RN module resolution (class com.reactnativecommunity.asyncstorage.AsyncStorageModule): no such class
03-19 09:24:42.523 15045 15045 I ViewInteraction: Checking 'MatchesViewAssertion(Detox){viewMatcher=(an instance of android.widget.TextView and view.getText() with or without transformation to match: is "Uploaded detox-heart-report.txt. Extraction confidence: 15%." and view has effective visibility <VISIBLE>)}' assertion on view (view.getTag() is "reports-upload-status" and view has effective visibility <VISIBLE>)
03-19 09:24:42.545 15045 15045 D DetoxRNHelpers: Native RN module resolution (class com.reactnativecommunity.asyncstorage.AsyncStorageModule): no such class
03-19 09:24:42.546 15045 15045 D DetoxRNHelpers: Native RN module resolution (class com.reactnativecommunity.asyncstorage.AsyncStorageModule): no such class
03-19 09:24:42.547 15045 15045 D DetoxRNHelpers: Native RN module resolution (class com.reactnativecommunity.asyncstorage.AsyncStorageModule): no such class
03-19 09:24:42.549 15045 15045 D DetoxRNHelpers: Native RN module resolution (class com.reactnativecommunity.asyncstorage.AsyncStorageModule): no such class
03-19 09:24:42.550 15045 15045 I ViewInteraction: Checking 'MatchesViewAssertion(Detox){viewMatcher=(an instance of android.widget.TextView and view.getText() with or without transformation to match: is "Uploaded detox-heart-report.txt. Extraction confidence: 15%." and view has effective visibility <VISIBLE>)}' assertion on view (view.getTag() is "reports-upload-status" and view has effective visibility <VISIBLE>)
03-19 09:24:42.573 15045 15045 D DetoxRNHelpers: Native RN module resolution (class com.reactnativecommunity.asyncstorage.AsyncStorageModule): no such class
03-19 09:24:42.573 15045 15045 D DetoxRNHelpers: Native RN module resolution (class com.reactnativecommunity.asyncstorage.AsyncStorageModule): no such class
03-19 09:24:42.574 15045 15045 D DetoxRNHelpers: Native RN module resolution (class com.reactnativecommunity.asyncstorage.AsyncStorageModule): no such class
03-19 09:24:42.575 15045 15045 D DetoxRNHelpers: Native RN module resolution (class com.reactnativecommunity.asyncstorage.AsyncStorageModule): no such class
03-19 09:24:42.575 15045 15045 I ViewInteraction: Checking 'MatchesViewAssertion(Detox){viewMatcher=(an instance of android.widget.TextView and view.getText() with or without transformation to match: is "Uploaded detox-heart-report.txt. Extraction confidence: 15%." and view has effective visibility <VISIBLE>)}' assertion on view (view.getTag() is "reports-upload-status" and view has effective visibility <VISIBLE>)
03-19 09:24:42.599 15045 15045 D DetoxRNHelpers: Native RN module resolution (class com.reactnativecommunity.asyncstorage.AsyncStorageModule): no such class
03-19 09:24:42.600 15045 15045 D DetoxRNHelpers: Native RN module resolution (class com.reactnativecommunity.asyncstorage.AsyncStorageModule): no such class
03-19 09:24:42.602 15045 15045 D DetoxRNHelpers: Native RN module resolution (class com.reactnativecommunity.asyncstorage.AsyncStorageModule): no such class
03-19 09:24:42.602 15045 15045 D DetoxRNHelpers: Native RN module resolution (class com.reactnativecommunity.asyncstorage.AsyncStorageModule): no such class
03-19 09:24:42.603 15045 15045 I ViewInteraction: Checking 'MatchesViewAssertion(Detox){viewMatcher=(an instance of android.widget.TextView and view.getText() with or without transformation to match: is "Uploaded detox-heart-report.txt. Extraction confidence: 15%." and view has effective visibility <VISIBLE>)}' assertion on view (view.getTag() is "reports-upload-status" and view has effective visibility <VISIBLE>)
03-19 09:24:42.626 15045 15045 D DetoxRNHelpers: Native RN module resolution (class com.reactnativecommunity.asyncstorage.AsyncStorageModule): no such class
03-19 09:24:42.626 15045 15045 D DetoxRNHelpers: Native RN module resolution (class com.reactnativecommunity.asyncstorage.AsyncStorageModule): no such class
03-19 09:24:42.628 15045 15045 D DetoxRNHelpers: Native RN module resolution (class com.reactnativecommunity.asyncstorage.AsyncStorageModule): no such class
03-19 09:24:42.630 15045 15045 D DetoxRNHelpers: Native RN module resolution (class com.reactnativecommunity.asyncstorage.AsyncStorageModule): no such class
03-19 09:24:42.630 15045 15045 I ViewInteraction: Checking 'MatchesViewAssertion(Detox){viewMatcher=(an instance of android.widget.TextView and view.getText() with or without transformation to match: is "Uploaded detox-heart-report.txt. Extraction confidence: 15%." and view has effective visibility <VISIBLE>)}' assertion on view (view.getTag() is "reports-upload-status" and view has effective visibility <VISIBLE>)
03-19 09:24:42.653 15045 15045 D DetoxRNHelpers: Native RN module resolution (class com.reactnativecommunity.asyncstorage.AsyncStorageModule): no such class
03-19 09:24:42.653 15045 15045 D DetoxRNHelpers: Native RN module resolution (class com.reactnativecommunity.asyncstorage.AsyncStorageModule): no such class
03-19 09:24:42.655 15045 15045 D DetoxRNHelpers: Native RN module resolution (class com.reactnativecommunity.asyncstorage.AsyncStorageModule): no such class
03-19 09:24:42.657 15045 15045 D DetoxRNHelpers: Native RN module resolution (class com.reactnativecommunity.asyncstorage.AsyncStorageModule): no such class
03-19 09:24:42.657 15045 15045 I ViewInteraction: Checking 'MatchesViewAssertion(Detox){viewMatcher=(an instance of android.widget.TextView and view.getText() with or without transformation to match: is "Uploaded detox-heart-report.txt. Extraction confidence: 15%." and view has effective visibility <VISIBLE>)}' assertion on view (view.getTag() is "reports-upload-status" and view has effective visibility <VISIBLE>)
03-19 09:24:42.684 15045 15045 D DetoxRNHelpers: Native RN module resolution (class com.reactnativecommunity.asyncstorage.AsyncStorageModule): no such class
03-19 09:24:42.685 15045 15045 D DetoxRNHelpers: Native RN module resolution (class com.reactnativecommunity.asyncstorage.AsyncStorageModule): no such class
03-19 09:24:42.686 15045 15045 D DetoxRNHelpers: Native RN module resolution (class com.reactnativecommunity.asyncstorage.AsyncStorageModule): no such class
03-19 09:24:42.686 15045 15045 D DetoxRNHelpers: Native RN module resolution (class com.reactnativecommunity.asyncstorage.AsyncStorageModule): no such class
03-19 09:24:42.686 15045 15045 I ViewInteraction: Checking 'MatchesViewAssertion(Detox){viewMatcher=(an instance of android.widget.TextView and view.getText() with or without transformation to match: is "Uploaded detox-heart-report.txt. Extraction confidence: 15%." and view has effective visibility <VISIBLE>)}' assertion on view (view.getTag() is "reports-upload-status" and view has effective visibility <VISIBLE>)
03-19 09:24:42.712 15045 15045 D DetoxRNHelpers: Native RN module resolution (class com.reactnativecommunity.asyncstorage.AsyncStorageModule): no such class
03-19 09:24:42.714 15045 15045 D DetoxRNHelpers: Native RN module resolution (class com.reactnativecommunity.asyncstorage.AsyncStorageModule): no such class
03-19 09:24:42.714 15045 15045 D DetoxRNHelpers: Native RN module resolution (class com.reactnativecommunity.asyncstorage.AsyncStorageModule): no such class
03-19 09:24:42.714 15045 15045 D DetoxRNHelpers: Native RN module resolution (class com.reactnativecommunity.asyncstorage.AsyncStorageModule): no such class
03-19 09:24:42.715 15045 15045 I ViewInteraction: Checking 'MatchesViewAssertion(Detox){viewMatcher=(an instance of android.widget.TextView and view.getText() with or without transformation to match: is "Uploaded detox-heart-report.txt. Extraction confidence: 15%." and view has effective visibility <VISIBLE>)}' assertion on view (view.getTag() is "reports-upload-status" and view has effective visibility <VISIBLE>)
03-19 09:24:42.741 15045 15045 D DetoxRNHelpers: Native RN module resolution (class com.reactnativecommunity.asyncstorage.AsyncStorageModule): no such class
03-19 09:24:42.743 15045 15045 D DetoxRNHelpers: Native RN module resolution (class com.reactnativecommunity.asyncstorage.AsyncStorageModule): no such class
03-19 09:24:42.747 15045 15045 D DetoxRNHelpers: Native RN module resolution (class com.reactnativecommunity.asyncstorage.AsyncStorageModule): no such class
03-19 09:24:42.750 15045 15045 D DetoxRNHelpers: Native RN module resolution (class com.reactnativecommunity.asyncstorage.AsyncStorageModule): no such class
03-19 09:24:42.750 15045 15045 I ViewInteraction: Checking 'MatchesViewAssertion(Detox){viewMatcher=(an instance of android.widget.TextView and view.getText() with or without transformation to match: is "Uploaded detox-heart-report.txt. Extraction confidence: 15%." and view has effective visibility <VISIBLE>)}' assertion on view (view.getTag() is "reports-upload-status" and view has effective visibility <VISIBLE>)
03-19 09:24:42.775 15045 15045 D DetoxRNHelpers: Native RN module resolution (class com.reactnativecommunity.asyncstorage.AsyncStorageModule): no such class
03-19 09:24:42.776 15045 15045 D DetoxRNHelpers: Native RN module resolution (class com.reactnativecommunity.asyncstorage.AsyncStorageModule): no such class
03-19 09:24:42.778 15045 15045 D DetoxRNHelpers: Native RN module resolution (class com.reactnativecommunity.asyncstorage.AsyncStorageModule): no such class
03-19 09:24:42.779 15045 15045 D DetoxRNHelpers: Native RN module resolution (class com.reactnativecommunity.asyncstorage.AsyncStorageModule): no such class
03-19 09:24:42.779 15045 15045 I ViewInteraction: Checking 'MatchesViewAssertion(Detox){viewMatcher=(an instance of android.widget.TextView and view.getText() with or without transformation to match: is "Uploaded detox-heart-report.txt. Extraction confidence: 15%." and view has effective visibility <VISIBLE>)}' assertion on view (view.getTag() is "reports-upload-status" and view has effective visibility <VISIBLE>)
03-19 09:24:42.802 15045 15045 D DetoxRNHelpers: Native RN module resolution (class com.reactnativecommunity.asyncstorage.AsyncStorageModule): no such class
03-19 09:24:42.803 15045 15045 D DetoxRNHelpers: Native RN module resolution (class com.reactnativecommunity.asyncstorage.AsyncStorageModule): no such class
03-19 09:24:42.804 15045 15045 D DetoxRNHelpers: Native RN module resolution (class com.reactnativecommunity.asyncstorage.AsyncStorageModule): no such class
03-19 09:24:42.804 15045 15045 D DetoxRNHelpers: Native RN module resolution (class com.reactnativecommunity.asyncstorage.AsyncStorageModule): no such class
03-19 09:24:42.805 15045 15045 I ViewInteraction: Checking 'MatchesViewAssertion(Detox){viewMatcher=(an instance of android.widget.TextView and view.getText() with or without transformation to match: is "Uploaded detox-heart-report.txt. Extraction confidence: 15%." and view has effective visibility <VISIBLE>)}' assertion on view (view.getTag() is "reports-upload-status" and view has effective visibility <VISIBLE>)
03-19 09:24:42.831 15045 15045 D DetoxRNHelpers: Native RN module resolution (class com.reactnativecommunity.asyncstorage.AsyncStorageModule): no such class
03-19 09:24:42.832 15045 15045 D DetoxRNHelpers: Native RN module resolution (class com.reactnativecommunity.asyncstorage.AsyncStorageModule): no such class
03-19 09:24:42.834 15045 15045 D DetoxRNHelpers: Native RN module resolution (class com.reactnativecommunity.asyncstorage.AsyncStorageModule): no such class
03-19 09:24:42.835 15045 15045 D DetoxRNHelpers: Native RN module resolution (class com.reactnativecommunity.asyncstorage.AsyncStorageModule): no such class
03-19 09:24:42.835 15045 15045 I ViewInteraction: Checking 'MatchesViewAssertion(Detox){viewMatcher=(an instance of android.widget.TextView and view.getText() with or without transformation to match: is "Uploaded detox-heart-report.txt. Extraction confidence: 15%." and view has effective visibility <VISIBLE>)}' assertion on view (view.getTag() is "reports-upload-status" and view has effective visibility <VISIBLE>)
03-19 09:24:42.861 15045 15045 D DetoxRNHelpers: Native RN module resolution (class com.reactnativecommunity.asyncstorage.AsyncStorageModule): no such class
03-19 09:24:42.862 15045 15045 D DetoxRNHelpers: Native RN module resolution (class com.reactnativecommunity.asyncstorage.AsyncStorageModule): no such class
03-19 09:24:42.864 15045 15045 D DetoxRNHelpers: Native RN module resolution (class com.reactnativecommunity.asyncstorage.AsyncStorageModule): no such class
03-19 09:24:42.864 15045 15045 D DetoxRNHelpers: Native RN module resolution (class com.reactnativecommunity.asyncstorage.AsyncStorageModule): no such class
03-19 09:24:42.865 15045 15045 I ViewInteraction: Checking 'MatchesViewAssertion(Detox){viewMatcher=(an instance of android.widget.TextView and view.getText() with or without transformation to match: is "Uploaded detox-heart-report.txt. Extraction confidence: 15%." and view has effective visibility <VISIBLE>)}' assertion on view (view.getTag() is "reports-upload-status" and view has effective visibility <VISIBLE>)
03-19 09:24:42.890 15045 15045 D DetoxRNHelpers: Native RN module resolution (class com.reactnativecommunity.asyncstorage.AsyncStorageModule): no such class
03-19 09:24:42.894 15045 15045 D DetoxRNHelpers: Native RN module resolution (class com.reactnativecommunity.asyncstorage.AsyncStorageModule): no such class
03-19 09:24:42.896 15045 15045 D DetoxRNHelpers: Native RN module resolution (class com.reactnativecommunity.asyncstorage.AsyncStorageModule): no such class
03-19 09:24:42.896 15045 15045 D DetoxRNHelpers: Native RN module resolution (class com.reactnativecommunity.asyncstorage.AsyncStorageModule): no such class
03-19 09:24:42.897 15045 15045 I ViewInteraction: Checking 'MatchesViewAssertion(Detox){viewMatcher=(an instance of android.widget.TextView and view.getText() with or without transformation to match: is "Uploaded detox-heart-report.txt. Extraction confidence: 15%." and view has effective visibility <VISIBLE>)}' assertion on view (view.getTag() is "reports-upload-status" and view has effective visibility <VISIBLE>)
03-19 09:24:42.921 15045 15045 D DetoxRNHelpers: Native RN module resolution (class com.reactnativecommunity.asyncstorage.AsyncStorageModule): no such class
03-19 09:24:42.921 15045 15045 D DetoxRNHelpers: Native RN module resolution (class com.reactnativecommunity.asyncstorage.AsyncStorageModule): no such class
03-19 09:24:42.923 15045 15045 D DetoxRNHelpers: Native RN module resolution (class com.reactnativecommunity.asyncstorage.AsyncStorageModule): no such class
03-19 09:24:42.924 15045 15045 D DetoxRNHelpers: Native RN module resolution (class com.reactnativecommunity.asyncstorage.AsyncStorageModule): no such class
03-19 09:24:42.924 15045 15045 I ViewInteraction: Checking 'MatchesViewAssertion(Detox){viewMatcher=(an instance of android.widget.TextView and view.getText() with or without transformation to match: is "Uploaded detox-heart-report.txt. Extraction confidence: 15%." and view has effective visibility <VISIBLE>)}' assertion on view (view.getTag() is "reports-upload-status" and view has effective visibility <VISIBLE>)
03-19 09:24:42.949 15045 15045 D DetoxRNHelpers: Native RN module resolution (class com.reactnativecommunity.asyncstorage.AsyncStorageModule): no such class
03-19 09:24:42.949 15045 15045 D DetoxRNHelpers: Native RN module resolution (class com.reactnativecommunity.asyncstorage.AsyncStorageModule): no such class
03-19 09:24:42.950 15045 15045 D DetoxRNHelpers: Native RN module resolution (class com.reactnativecommunity.asyncstorage.AsyncStorageModule): no such class
03-19 09:24:42.951 15045 15045 D DetoxRNHelpers: Native RN module resolution (class com.reactnativecommunity.asyncstorage.AsyncStorageModule): no such class
03-19 09:24:42.951 15045 15045 I ViewInteraction: Checking 'MatchesViewAssertion(Detox){viewMatcher=(an instance of android.widget.TextView and view.getText() with or without transformation to match: is "Uploaded detox-heart-report.txt. Extraction confidence: 15%." and view has effective visibility <VISIBLE>)}' assertion on view (view.getTag() is "reports-upload-status" and view has effective visibility <VISIBLE>)
03-19 09:24:42.975 15045 15045 D DetoxRNHelpers: Native RN module resolution (class com.reactnativecommunity.asyncstorage.AsyncStorageModule): no such class
03-19 09:24:42.975 15045 15045 D DetoxRNHelpers: Native RN module resolution (class com.reactnativecommunity.asyncstorage.AsyncStorageModule): no such class
03-19 09:24:42.977 15045 15045 D DetoxRNHelpers: Native RN module resolution (class com.reactnativecommunity.asyncstorage.AsyncStorageModule): no such class
03-19 09:24:42.978 15045 15045 D DetoxRNHelpers: Native RN module resolution (class com.reactnativecommunity.asyncstorage.AsyncStorageModule): no such class
03-19 09:24:42.978 15045 15045 I ViewInteraction: Checking 'MatchesViewAssertion(Detox){viewMatcher=(an instance of android.widget.TextView and view.getText() with or without transformation to match: is "Uploaded detox-heart-report.txt. Extraction confidence: 15%." and view has effective visibility <VISIBLE>)}' assertion on view (view.getTag() is "reports-upload-status" and view has effective visibility <VISIBLE>)
03-19 09:24:43.004 15045 15045 D DetoxRNHelpers: Native RN module resolution (class com.reactnativecommunity.asyncstorage.AsyncStorageModule): no such class
03-19 09:24:43.006 15045 15045 D DetoxRNHelpers: Native RN module resolution (class com.reactnativecommunity.asyncstorage.AsyncStorageModule): no such class
03-19 09:24:43.009 15045 15045 D DetoxRNHelpers: Native RN module resolution (class com.reactnativecommunity.asyncstorage.AsyncStorageModule): no such class
03-19 09:24:43.010 15045 15045 D DetoxRNHelpers: Native RN module resolution (class com.reactnativecommunity.asyncstorage.AsyncStorageModule): no such class
03-19 09:24:43.010 15045 15045 I ViewInteraction: Checking 'MatchesViewAssertion(Detox){viewMatcher=(an instance of android.widget.TextView and view.getText() with or without transformation to match: is "Uploaded detox-heart-report.txt. Extraction confidence: 15%." and view has effective visibility <VISIBLE>)}' assertion on view (view.getTag() is "reports-upload-status" and view has effective visibility <VISIBLE>)
03-19 09:24:43.033 15045 15045 D DetoxRNHelpers: Native RN module resolution (class com.reactnativecommunity.asyncstorage.AsyncStorageModule): no such class
03-19 09:24:43.034 15045 15045 D DetoxRNHelpers: Native RN module resolution (class com.reactnativecommunity.asyncstorage.AsyncStorageModule): no such class
03-19 09:24:43.036 15045 15045 D DetoxRNHelpers: Native RN module resolution (class com.reactnativecommunity.asyncstorage.AsyncStorageModule): no such class
03-19 09:24:43.037 15045 15045 D DetoxRNHelpers: Native RN module resolution (class com.reactnativecommunity.asyncstorage.AsyncStorageModule): no such class
03-19 09:24:43.037 15045 15045 I ViewInteraction: Checking 'MatchesViewAssertion(Detox){viewMatcher=(an instance of android.widget.TextView and view.getText() with or without transformation to match: is "Uploaded detox-heart-report.txt. Extraction confidence: 15%." and view has effective visibility <VISIBLE>)}' assertion on view (view.getTag() is "reports-upload-status" and view has effective visibility <VISIBLE>)
03-19 09:24:43.060 15045 15045 D DetoxRNHelpers: Native RN module resolution (class com.reactnativecommunity.asyncstorage.AsyncStorageModule): no such class
03-19 09:24:43.061 15045 15045 D DetoxRNHelpers: Native RN module resolution (class com.reactnativecommunity.asyncstorage.AsyncStorageModule): no such class
03-19 09:24:43.062 15045 15045 D DetoxRNHelpers: Native RN module resolution (class com.reactnativecommunity.asyncstorage.AsyncStorageModule): no such class
03-19 09:24:43.062 15045 15045 D DetoxRNHelpers: Native RN module resolution (class com.reactnativecommunity.asyncstorage.AsyncStorageModule): no such class
03-19 09:24:43.062 15045 15045 I ViewInteraction: Checking 'MatchesViewAssertion(Detox){viewMatcher=(an instance of android.widget.TextView and view.getText() with or without transformation to match: is "Uploaded detox-heart-report.txt. Extraction confidence: 15%." and view has effective visibility <VISIBLE>)}' assertion on view (view.getTag() is "reports-upload-status" and view has effective visibility <VISIBLE>)
03-19 09:24:43.088 15045 15045 D DetoxRNHelpers: Native RN module resolution (class com.reactnativecommunity.asyncstorage.AsyncStorageModule): no such class
03-19 09:24:43.089 15045 15045 D DetoxRNHelpers: Native RN module resolution (class com.reactnativecommunity.asyncstorage.AsyncStorageModule): no such class
03-19 09:24:43.090 15045 15045 D DetoxRNHelpers: Native RN module resolution (class com.reactnativecommunity.asyncstorage.AsyncStorageModule): no such class
03-19 09:24:43.091 15045 15045 D DetoxRNHelpers: Native RN module resolution (class com.reactnativecommunity.asyncstorage.AsyncStorageModule): no such class
03-19 09:24:43.091 15045 15045 I ViewInteraction: Checking 'MatchesViewAssertion(Detox){viewMatcher=(an instance of android.widget.TextView and view.getText() with or without transformation to match: is "Uploaded detox-heart-report.txt. Extraction confidence: 15%." and view has effective visibility <VISIBLE>)}' assertion on view (view.getTag() is "reports-upload-status" and view has effective visibility <VISIBLE>)
03-19 09:24:43.114 15045 15045 D DetoxRNHelpers: Native RN module resolution (class com.reactnativecommunity.asyncstorage.AsyncStorageModule): no such class
03-19 09:24:43.115 15045 15045 D DetoxRNHelpers: Native RN module resolution (class com.reactnativecommunity.asyncstorage.AsyncStorageModule): no such class
03-19 09:24:43.116 15045 15045 D DetoxRNHelpers: Native RN module resolution (class com.reactnativecommunity.asyncstorage.AsyncStorageModule): no such class
03-19 09:24:43.117 15045 15045 D DetoxRNHelpers: Native RN module resolution (class com.reactnativecommunity.asyncstorage.AsyncStorageModule): no such class
03-19 09:24:43.117 15045 15045 I ViewInteraction: Checking 'MatchesViewAssertion(Detox){viewMatcher=(an instance of android.widget.TextView and view.getText() with or without transformation to match: is "Uploaded detox-heart-report.txt. Extraction confidence: 15%." and view has effective visibility <VISIBLE>)}' assertion on view (view.getTag() is "reports-upload-status" and view has effective visibility <VISIBLE>)
03-19 09:24:43.140 15045 15045 D DetoxRNHelpers: Native RN module resolution (class com.reactnativecommunity.asyncstorage.AsyncStorageModule): no such class
03-19 09:24:43.140 15045 15045 D DetoxRNHelpers: Native RN module resolution (class com.reactnativecommunity.asyncstorage.AsyncStorageModule): no such class
03-19 09:24:43.142 15045 15045 D DetoxRNHelpers: Native RN module resolution (class com.reactnativecommunity.asyncstorage.AsyncStorageModule): no such class
03-19 09:24:43.142 15045 15045 D DetoxRNHelpers: Native RN module resolution (class com.reactnativecommunity.asyncstorage.AsyncStorageModule): no such class
03-19 09:24:43.143 15045 15045 I ViewInteraction: Checking 'MatchesViewAssertion(Detox){viewMatcher=(an instance of android.widget.TextView and view.getText() with or without transformation to match: is "Uploaded detox-heart-report.txt. Extraction confidence: 15%." and view has effective visibility <VISIBLE>)}' assertion on view (view.getTag() is "reports-upload-status" and view has effective visibility <VISIBLE>)
03-19 09:24:43.167 15045 15045 D DetoxRNHelpers: Native RN module resolution (class com.reactnativecommunity.asyncstorage.AsyncStorageModule): no such class
03-19 09:24:43.167 15045 15045 D DetoxRNHelpers: Native RN module resolution (class com.reactnativecommunity.asyncstorage.AsyncStorageModule): no such class
03-19 09:24:43.168 15045 15045 D DetoxRNHelpers: Native RN module resolution (class com.reactnativecommunity.asyncstorage.AsyncStorageModule): no such class
03-19 09:24:43.169 15045 15045 D DetoxRNHelpers: Native RN module resolution (class com.reactnativecommunity.asyncstorage.AsyncStorageModule): no such class
03-19 09:24:43.169 15045 15045 I ViewInteraction: Checking 'MatchesViewAssertion(Detox){viewMatcher=(an instance of android.widget.TextView and view.getText() with or without transformation to match: is "Uploaded detox-heart-report.txt. Extraction confidence: 15%." and view has effective visibility <VISIBLE>)}' assertion on view (view.getTag() is "reports-upload-status" and view has effective visibility <VISIBLE>)
03-19 09:24:43.193 15045 15045 D DetoxRNHelpers: Native RN module resolution (class com.reactnativecommunity.asyncstorage.AsyncStorageModule): no such class
03-19 09:24:43.195 15045 15045 D DetoxRNHelpers: Native RN module resolution (class com.reactnativecommunity.asyncstorage.AsyncStorageModule): no such class
03-19 09:24:43.197 15045 15045 D DetoxRNHelpers: Native RN module resolution (class com.reactnativecommunity.asyncstorage.AsyncStorageModule): no such class
03-19 09:24:43.197 15045 15045 D DetoxRNHelpers: Native RN module resolution (class com.reactnativecommunity.asyncstorage.AsyncStorageModule): no such class
03-19 09:24:43.198 15045 15045 I ViewInteraction: Checking 'MatchesViewAssertion(Detox){viewMatcher=(an instance of android.widget.TextView and view.getText() with or without transformation to match: is "Uploaded detox-heart-report.txt. Extraction confidence: 15%." and view has effective visibility <VISIBLE>)}' assertion on view (view.getTag() is "reports-upload-status" and view has effective visibility <VISIBLE>)
03-19 09:24:43.224 15045 15045 D DetoxRNHelpers: Native RN module resolution (class com.reactnativecommunity.asyncstorage.AsyncStorageModule): no such class
03-19 09:24:43.224 15045 15045 D DetoxRNHelpers: Native RN module resolution (class com.reactnativecommunity.asyncstorage.AsyncStorageModule): no such class
03-19 09:24:43.225 15045 15045 D DetoxRNHelpers: Native RN module resolution (class com.reactnativecommunity.asyncstorage.AsyncStorageModule): no such class
03-19 09:24:43.226 15045 15045 D DetoxRNHelpers: Native RN module resolution (class com.reactnativecommunity.asyncstorage.AsyncStorageModule): no such class
03-19 09:24:43.228 15045 15045 I ViewInteraction: Checking 'MatchesViewAssertion(Detox){viewMatcher=(an instance of android.widget.TextView and view.getText() with or without transformation to match: is "Uploaded detox-heart-report.txt. Extraction confidence: 15%." and view has effective visibility <VISIBLE>)}' assertion on view (view.getTag() is "reports-upload-status" and view has effective visibility <VISIBLE>)
03-19 09:24:43.253 15045 15045 D DetoxRNHelpers: Native RN module resolution (class com.reactnativecommunity.asyncstorage.AsyncStorageModule): no such class
03-19 09:24:43.254 15045 15045 D DetoxRNHelpers: Native RN module resolution (class com.reactnativecommunity.asyncstorage.AsyncStorageModule): no such class
03-19 09:24:43.255 15045 15045 D DetoxRNHelpers: Native RN module resolution (class com.reactnativecommunity.asyncstorage.AsyncStorageModule): no such class
03-19 09:24:43.255 15045 15045 D DetoxRNHelpers: Native RN module resolution (class com.reactnativecommunity.asyncstorage.AsyncStorageModule): no such class
03-19 09:24:43.255 15045 15045 I ViewInteraction: Checking 'MatchesViewAssertion(Detox){viewMatcher=(an instance of android.widget.TextView and view.getText() with or without transformation to match: is "Uploaded detox-heart-report.txt. Extraction confidence: 15%." and view has effective visibility <VISIBLE>)}' assertion on view (view.getTag() is "reports-upload-status" and view has effective visibility <VISIBLE>)
03-19 09:24:43.276 15045 15045 D DetoxRNHelpers: Native RN module resolution (class com.reactnativecommunity.asyncstorage.AsyncStorageModule): no such class
03-19 09:24:43.277 15045 15045 D DetoxRNHelpers: Native RN module resolution (class com.reactnativecommunity.asyncstorage.AsyncStorageModule): no such class
03-19 09:24:43.278 15045 15045 D DetoxRNHelpers: Native RN module resolution (class com.reactnativecommunity.asyncstorage.AsyncStorageModule): no such class
