--------- beginning of main
03-19 09:23:56.692 15045 15045 I Zygote  : Process 15045 created for com.anonymous.heartguardai
03-19 09:23:56.693 15045 15045 I us.heartguardai: Late-enabling -Xcheck:jni
03-19 09:23:56.904 15045 15045 I us.heartguardai: Using CollectorTypeCMC GC.
03-19 09:23:56.905 15045 15045 W us.heartguardai: Unexpected CPU variant for x86: x86_64.
03-19 09:23:56.905 15045 15045 W us.heartguardai: Known variants: atom, sandybridge, silvermont, goldmont, goldmont-plus, goldmont-without-sha-xsaves, tremont, kabylake, alderlake, default
03-19 09:23:56.935 15045 15045 D nativeloader: Load libframework-connectivity-tiramisu-jni.so using APEX ns com_android_tethering for caller /apex/com.android.tethering/javalib/framework-connectivity-t.jar: ok
--------- beginning of system
03-19 09:23:57.010 15045 15045 W ActivityThread: Package uses different ABI(s) than its instrumentation: package[com.anonymous.heartguardai]: x86_64, null instrumentation[com.anonymous.heartguardai.test]: null, null
03-19 09:23:57.019 15045 15045 W us.heartguardai: ClassLoaderContext shared library size mismatch. Expected=2, found=0 (PCL[]{PCL[/system/framework/android.test.base.jar*1947731759]#PCL[/system/framework/android.test.mock.jar*3673435773]} | PCL[])
03-19 09:23:57.025 15045 15045 W us.heartguardai: ClassLoaderContext classpath size mismatch. expected=0, found=1 (PCL[] | PCL[/system/framework/android.test.runner.jar*3527284906])
03-19 09:23:57.029 15045 15045 W us.heartguardai: ClassLoaderContext classpath size mismatch. expected=0, found=2 (PCL[] | PCL[/system/framework/android.test.runner.jar*3527284906:/system/framework/android.test.mock.jar*3673435773])
03-19 09:23:57.387 15045 15045 D nativeloader: Configuring clns-9 for other apk /system/framework/android.test.runner.jar:/system/framework/android.test.mock.jar:/system/framework/android.test.base.jar:/data/app/~~WhpAIdFBBpaeQ0ks7TpURg==/com.anonymous.heartguardai.test-Y1R1mxyN5_ASv2J-cKQF0Q==/base.apk:/data/app/~~AWbUFIbK9haI3VP4NNDzNw==/com.anonymous.heartguardai-a5E8aIQZkDNWRhF6qStHFQ==/base.apk. target_sdk_version=36, uses_libraries=, library_path=/data/app/~~WhpAIdFBBpaeQ0ks7TpURg==/com.anonymous.heartguardai.test-Y1R1mxyN5_ASv2J-cKQF0Q==/lib/x86_64:/data/app/~~AWbUFIbK9haI3VP4NNDzNw==/com.anonymous.heartguardai-a5E8aIQZkDNWRhF6qStHFQ==/lib/x86_64:/data/app/~~WhpAIdFBBpaeQ0ks7TpURg==/com.anonymous.heartguardai.test-Y1R1mxyN5_ASv2J-cKQF0Q==/base.apk!/lib/x86_64:/data/app/~~AWbUFIbK9haI3VP4NNDzNw==/com.anonymous.heartguardai-a5E8aIQZkDNWRhF6qStHFQ==/base.apk!/lib/x86_64, permitted_path=/data:/mnt/expand:/data/user/0/com.anonymous.heartguardai
03-19 09:23:57.405 15045 15045 V GraphicsEnvironment: Currently set values for:
03-19 09:23:57.405 15045 15045 V GraphicsEnvironment:   angle_gl_driver_selection_pkgs=[]
03-19 09:23:57.406 15045 15045 V GraphicsEnvironment:   angle_gl_driver_selection_values=[]
03-19 09:23:57.406 15045 15045 V GraphicsEnvironment: com.anonymous.heartguardai is not listed in per-application setting
03-19 09:23:57.406 15045 15045 V GraphicsEnvironment: ANGLE allowlist from config: com.dreamgames.royalmatch com.dts.freefiremax com.dxx.firenow com.gramgames.mergedragons com.ludo.king com.mojang.minecraftpe com.my.defense com.nintendo.zaka com.os.airforce com.playrix.fishdomdd.gplay io.teslatech.callbreak jp.konami.prospia net.peakgames.toonblast
03-19 09:23:57.406 15045 15045 V GraphicsEnvironment: No special selections for ANGLE, returning default driver choice
03-19 09:23:57.406 15045 15045 V GraphicsEnvironment: Neither updatable production driver nor prerelease driver is supported.
03-19 09:23:57.414 15045 15045 D ApplicationLoaders: Returning zygote-cached class loader: /system/framework/android.test.base.jar
03-19 09:23:57.417 15045 15045 D nativeloader: Configuring clns-10 for other apk /system/framework/android.test.mock.jar. target_sdk_version=36, uses_libraries=ALL, library_path=/data/app/~~WhpAIdFBBpaeQ0ks7TpURg==/com.anonymous.heartguardai.test-Y1R1mxyN5_ASv2J-cKQF0Q==/lib/x86_64:/data/app/~~AWbUFIbK9haI3VP4NNDzNw==/com.anonymous.heartguardai-a5E8aIQZkDNWRhF6qStHFQ==/lib/x86_64, permitted_path=/data:/mnt/expand
03-19 09:23:57.419 15045 15045 D ApplicationLoaders: Returning zygote-cached class loader: /system/framework/android.test.base.jar
03-19 09:23:57.421 15045 15045 D nativeloader: Configuring clns-11 for other apk /system/framework/android.test.runner.jar. target_sdk_version=36, uses_libraries=ALL, library_path=/data/app/~~WhpAIdFBBpaeQ0ks7TpURg==/com.anonymous.heartguardai.test-Y1R1mxyN5_ASv2J-cKQF0Q==/lib/x86_64:/data/app/~~AWbUFIbK9haI3VP4NNDzNw==/com.anonymous.heartguardai-a5E8aIQZkDNWRhF6qStHFQ==/lib/x86_64, permitted_path=/data:/mnt/expand
03-19 09:23:57.427 15045 15045 W us.heartguardai: ClassLoaderContext shared library size mismatch. Expected=2, found=3 (PCL[]{PCL[/system/framework/android.test.base.jar*1947731759]#PCL[/system/framework/android.test.mock.jar*3673435773]} | PCL[]{PCL[/system/framework/android.test.base.jar*1947731759]#PCL[/system/framework/android.test.mock.jar*3673435773]#PCL[/system/framework/android.test.runner.jar*3527284906]{PCL[/system/framework/android.test.base.jar*1947731759]#PCL[/system/framework/android.test.mock.jar*3673435773]}};PCL[/system/framework/android.test.runner.jar*3527284906:/system/framework/android.test.mock.jar*3673435773:/system/framework/android.test.base.jar*1947731759:/data/app/~~WhpAIdFBBpaeQ0ks7TpURg==/com.anonymous.heartguardai.test-Y1R1mxyN5_ASv2J-cKQF0Q==/base.apk*2995401499:/data/app/~~AWbUFIbK9haI3VP4NNDzNw==/com.anonymous.heartguardai-a5E8aIQZkDNWRhF6qStHFQ==/base.apk*2301046335])
03-19 09:23:57.430 15045 15045 W us.heartguardai: ClassLoaderContext classpath size mismatch. expected=0, found=1 (PCL[] | PCL[/system/framework/android.test.runner.jar*3527284906]{PCL[/system/framework/android.test.base.jar*1947731759]#PCL[/system/framework/android.test.mock.jar*3673435773]#PCL[/system/framework/android.test.runner.jar*3527284906]{PCL[/system/framework/android.test.base.jar*1947731759]#PCL[/system/framework/android.test.mock.jar*3673435773]}};PCL[/system/framework/android.test.runner.jar*3527284906:/system/framework/android.test.mock.jar*3673435773:/system/framework/android.test.base.jar*1947731759:/data/app/~~WhpAIdFBBpaeQ0ks7TpURg==/com.anonymous.heartguardai.test-Y1R1mxyN5_ASv2J-cKQF0Q==/base.apk*2995401499:/data/app/~~AWbUFIbK9haI3VP4NNDzNw==/com.anonymous.heartguardai-a5E8aIQZkDNWRhF6qStHFQ==/base.apk*2301046335])
03-19 09:23:57.432 15045 15045 W us.heartguardai: ClassLoaderContext classpath size mismatch. expected=0, found=2 (PCL[] | PCL[/system/framework/android.test.runner.jar*3527284906:/system/framework/android.test.mock.jar*3673435773]{PCL[/system/framework/android.test.base.jar*1947731759]#PCL[/system/framework/android.test.mock.jar*3673435773]#PCL[/system/framework/android.test.runner.jar*3527284906]{PCL[/system/framework/android.test.base.jar*1947731759]#PCL[/system/framework/android.test.mock.jar*3673435773]}};PCL[/system/framework/android.test.runner.jar*3527284906:/system/framework/android.test.mock.jar*3673435773:/system/framework/android.test.base.jar*1947731759:/data/app/~~WhpAIdFBBpaeQ0ks7TpURg==/com.anonymous.heartguardai.test-Y1R1mxyN5_ASv2J-cKQF0Q==/base.apk*2995401499:/data/app/~~AWbUFIbK9haI3VP4NNDzNw==/com.anonymous.heartguardai-a5E8aIQZkDNWRhF6qStHFQ==/base.apk*2301046335])
03-19 09:23:57.742 15045 15045 I AndroidJUnitRunner: newApplication com.anonymous.heartguardai.MainApplication
03-19 09:23:57.752 15045 15045 W FirebaseApp: Default FirebaseApp failed to initialize because no default options were found. This usually means that com.google.gms:google-services was not applied to your gradle project.
03-19 09:23:57.752 15045 15045 I FirebaseInitProvider: FirebaseApp initialization unsuccessful
03-19 09:23:57.779 15045 15045 I AndroidJUnitRunner: onCreate Bundle[mParcelledData.dataSize=240]
03-19 09:23:57.780 15045 15045 D AndroidJUnitRunner: Use the raw file system for managing file I/O.
03-19 09:23:57.822 15045 15045 V TestEventClient: No service name argument was given (testDiscoveryService, testRunEventService or orchestratorService)
03-19 09:23:57.823 15045 15068 D AndroidJUnitRunner: onStart is called.
03-19 09:23:57.826 15045 15045 W SoLoader: Initializing SoLoader: 0
03-19 09:23:57.829 15045 15045 W SoLoader: Recording new base apk path: /data/app/~~AWbUFIbK9haI3VP4NNDzNw==/com.anonymous.heartguardai-a5E8aIQZkDNWRhF6qStHFQ==/base.apk
03-19 09:23:57.829 15045 15045 W SoLoader: Previously recorded 0 base apk paths.
03-19 09:23:57.831 15045 15045 I SoLoader: Preparing SO source: DirectorySoSource[root = /vendor/lib64 flags = 2]
03-19 09:23:57.831 15045 15045 I SoLoader: Preparing SO source: DirectorySoSource[root = /system/lib64 flags = 2]
03-19 09:23:57.831 15045 15045 I SoLoader: Preparing SO source: DirectApkSoSource[root = [/data/app/~~AWbUFIbK9haI3VP4NNDzNw==/com.anonymous.heartguardai-a5E8aIQZkDNWRhF6qStHFQ==/base.apk!/lib/x86_64]]
03-19 09:23:57.844 15045 15045 I SoLoader: Preparing SO source: ApplicationSoSource[DirectorySoSource[root = /data/app/~~AWbUFIbK9haI3VP4NNDzNw==/com.anonymous.heartguardai-a5E8aIQZkDNWRhF6qStHFQ==/lib/x86_64 flags = 0]]
03-19 09:23:57.844 15045 15045 I SoLoader: init finish: 4 SO sources prepared
03-19 09:23:57.844 15045 15045 W SoLoader: SoLoader initialized: 8
03-19 09:23:57.857 15045 15045 D nativeloader: Load /data/app/~~AWbUFIbK9haI3VP4NNDzNw==/com.anonymous.heartguardai-a5E8aIQZkDNWRhF6qStHFQ==/base.apk!/lib/x86_64/libc++_shared.so using class loader ns clns-9 (caller=/data/app/~~AWbUFIbK9haI3VP4NNDzNw==/com.anonymous.heartguardai-a5E8aIQZkDNWRhF6qStHFQ==/base.apk!classes20.dex): ok
03-19 09:23:57.896 15045 15045 D nativeloader: Load /data/app/~~AWbUFIbK9haI3VP4NNDzNw==/com.anonymous.heartguardai-a5E8aIQZkDNWRhF6qStHFQ==/base.apk!/lib/x86_64/libjsi.so using class loader ns clns-9 (caller=/data/app/~~AWbUFIbK9haI3VP4NNDzNw==/com.anonymous.heartguardai-a5E8aIQZkDNWRhF6qStHFQ==/base.apk!classes20.dex): ok
03-19 09:23:57.899 15045 15045 D nativeloader: Load /data/app/~~AWbUFIbK9haI3VP4NNDzNw==/com.anonymous.heartguardai-a5E8aIQZkDNWRhF6qStHFQ==/base.apk!/lib/x86_64/libfbjni.so using class loader ns clns-9 (caller=/data/app/~~AWbUFIbK9haI3VP4NNDzNw==/com.anonymous.heartguardai-a5E8aIQZkDNWRhF6qStHFQ==/base.apk!classes20.dex): ok
03-19 09:23:57.906 15045 15045 D nativeloader: Load /data/app/~~AWbUFIbK9haI3VP4NNDzNw==/com.anonymous.heartguardai-a5E8aIQZkDNWRhF6qStHFQ==/base.apk!/lib/x86_64/libreactnative.so using class loader ns clns-9 (caller=/data/app/~~AWbUFIbK9haI3VP4NNDzNw==/com.anonymous.heartguardai-a5E8aIQZkDNWRhF6qStHFQ==/base.apk!classes20.dex): ok
03-19 09:23:57.906 15045 15045 D jni_lib_merge: Entering merged library JNI_OnLoad.
03-19 09:23:57.906 15045 15045 D jni_lib_merge: Preparing 12 pre-merged libs (including stub)
03-19 09:23:57.906 15045 15045 D jni_lib_merge: Preparing to register libfabricjni_so.  onload_func: 0x722774d32730
03-19 09:23:57.906 15045 15045 D jni_lib_merge: Preparing to register libreact_devsupportjni_so.  onload_func: 0x722774f2f190
03-19 09:23:57.906 15045 15045 D jni_lib_merge: Preparing to register libreact_featureflagsjni_so.  onload_func: 0x722774f40910
03-19 09:23:57.906 15045 15045 D jni_lib_merge: Preparing to register libreact_newarchdefaults_so.  onload_func: 0x722774fe1d20
03-19 09:23:57.906 15045 15045 D jni_lib_merge: Preparing to register libreactnativeblob_so.  onload_func: 0x7227751ec2e0
03-19 09:23:57.906 15045 15045 D jni_lib_merge: Preparing to register libreactnativejni_so.  onload_func: 0x72277522c770
03-19 09:23:57.906 15045 15045 D jni_lib_merge: Preparing to register libreactnativejni_common_so.  onload_func: 0x72277523c5d0
03-19 09:23:57.906 15045 15045 D jni_lib_merge: Preparing to register librninstance_so.  onload_func: 0x7227752794c0
03-19 09:23:57.906 15045 15045 D jni_lib_merge: Preparing to register libturbomodulejsijni_so.  onload_func: 0x7227753dac00
03-19 09:23:57.906 15045 15045 D jni_lib_merge: Preparing to register libuimanagerjni_so.  onload_func: 0x7227753f2de0
03-19 09:23:57.906 15045 15045 D jni_lib_merge: Preparing to register libyoga_so.  onload_func: 0x722775401d70
03-19 09:23:57.906 15045 15045 D jni_lib_merge: About to register 11 actual methods.
03-19 09:23:57.914 15045 15045 D nativeloader: Load /data/app/~~AWbUFIbK9haI3VP4NNDzNw==/com.anonymous.heartguardai-a5E8aIQZkDNWRhF6qStHFQ==/base.apk!/lib/x86_64/libreact_codegen_rnscreens.so using class loader ns clns-9 (caller=/data/app/~~AWbUFIbK9haI3VP4NNDzNw==/com.anonymous.heartguardai-a5E8aIQZkDNWRhF6qStHFQ==/base.apk!classes20.dex): ok
03-19 09:23:57.914 15045 15045 D jni_lib_merge: Entering merged library JNI_OnLoad.
03-19 09:23:57.914 15045 15045 D jni_lib_merge: Preparing 12 pre-merged libs (including stub)
03-19 09:23:57.914 15045 15045 D jni_lib_merge: Preparing to register libfabricjni_so.  onload_func: 0x722774d32730
03-19 09:23:57.914 15045 15045 D jni_lib_merge: Preparing to register libreact_devsupportjni_so.  onload_func: 0x722774f2f190
03-19 09:23:57.914 15045 15045 D jni_lib_merge: Preparing to register libreact_featureflagsjni_so.  onload_func: 0x722774f40910
03-19 09:23:57.914 15045 15045 D jni_lib_merge: Preparing to register libreact_newarchdefaults_so.  onload_func: 0x722774fe1d20
03-19 09:23:57.914 15045 15045 D jni_lib_merge: Preparing to register libreactnativeblob_so.  onload_func: 0x7227751ec2e0
03-19 09:23:57.914 15045 15045 D jni_lib_merge: Preparing to register libreactnativejni_so.  onload_func: 0x72277522c770
03-19 09:23:57.914 15045 15045 D jni_lib_merge: Preparing to register libreactnativejni_common_so.  onload_func: 0x72277523c5d0
03-19 09:23:57.914 15045 15045 D jni_lib_merge: Preparing to register librninstance_so.  onload_func: 0x7227752794c0
03-19 09:23:57.914 15045 15045 D jni_lib_merge: Preparing to register libturbomodulejsijni_so.  onload_func: 0x7227753dac00
03-19 09:23:57.914 15045 15045 D jni_lib_merge: Preparing to register libuimanagerjni_so.  onload_func: 0x7227753f2de0
03-19 09:23:57.914 15045 15045 D jni_lib_merge: Preparing to register libyoga_so.  onload_func: 0x722775401d70
03-19 09:23:57.914 15045 15045 D jni_lib_merge: About to register 11 actual methods.
03-19 09:23:57.917 15045 15045 D nativeloader: Load /data/app/~~AWbUFIbK9haI3VP4NNDzNw==/com.anonymous.heartguardai-a5E8aIQZkDNWRhF6qStHFQ==/base.apk!/lib/x86_64/libreact_codegen_rnsvg.so using class loader ns clns-9 (caller=/data/app/~~AWbUFIbK9haI3VP4NNDzNw==/com.anonymous.heartguardai-a5E8aIQZkDNWRhF6qStHFQ==/base.apk!classes20.dex): ok
03-19 09:23:57.917 15045 15045 D jni_lib_merge: Entering merged library JNI_OnLoad.
03-19 09:23:57.917 15045 15045 D jni_lib_merge: Preparing 12 pre-merged libs (including stub)
03-19 09:23:57.917 15045 15045 D jni_lib_merge: Preparing to register libfabricjni_so.  onload_func: 0x722774d32730
03-19 09:23:57.917 15045 15045 D jni_lib_merge: Preparing to register libreact_devsupportjni_so.  onload_func: 0x722774f2f190
03-19 09:23:57.917 15045 15045 D jni_lib_merge: Preparing to register libreact_featureflagsjni_so.  onload_func: 0x722774f40910
03-19 09:23:57.917 15045 15045 D jni_lib_merge: Preparing to register libreact_newarchdefaults_so.  onload_func: 0x722774fe1d20
03-19 09:23:57.917 15045 15045 D jni_lib_merge: Preparing to register libreactnativeblob_so.  onload_func: 0x7227751ec2e0
03-19 09:23:57.917 15045 15045 D jni_lib_merge: Preparing to register libreactnativejni_so.  onload_func: 0x72277522c770
03-19 09:23:57.917 15045 15045 D jni_lib_merge: Preparing to register libreactnativejni_common_so.  onload_func: 0x72277523c5d0
03-19 09:23:57.917 15045 15045 D jni_lib_merge: Preparing to register librninstance_so.  onload_func: 0x7227752794c0
03-19 09:23:57.917 15045 15045 D jni_lib_merge: Preparing to register libturbomodulejsijni_so.  onload_func: 0x7227753dac00
03-19 09:23:57.917 15045 15045 D jni_lib_merge: Preparing to register libuimanagerjni_so.  onload_func: 0x7227753f2de0
03-19 09:23:57.917 15045 15045 D jni_lib_merge: Preparing to register libyoga_so.  onload_func: 0x722775401d70
03-19 09:23:57.917 15045 15045 D jni_lib_merge: About to register 11 actual methods.
03-19 09:23:57.920 15045 15045 D nativeloader: Load /data/app/~~AWbUFIbK9haI3VP4NNDzNw==/com.anonymous.heartguardai-a5E8aIQZkDNWRhF6qStHFQ==/base.apk!/lib/x86_64/libreact_codegen_safeareacontext.so using class loader ns clns-9 (caller=/data/app/~~AWbUFIbK9haI3VP4NNDzNw==/com.anonymous.heartguardai-a5E8aIQZkDNWRhF6qStHFQ==/base.apk!classes20.dex): ok
03-19 09:23:57.924 15045 15045 D nativeloader: Load /data/app/~~AWbUFIbK9haI3VP4NNDzNw==/com.anonymous.heartguardai-a5E8aIQZkDNWRhF6qStHFQ==/base.apk!/lib/x86_64/libappmodules.so using class loader ns clns-9 (caller=/data/app/~~AWbUFIbK9haI3VP4NNDzNw==/com.anonymous.heartguardai-a5E8aIQZkDNWRhF6qStHFQ==/base.apk!classes20.dex): ok
03-19 09:23:57.967 15045 15068 I InstrConnection: Could not send broadcast or register receiver (isolatedProcess?)
03-19 09:23:57.970 15045 15068 D TestRequestBuilder: Using class path scanning to discover tests
03-19 09:23:57.971 15045 15068 I TestRequestBuilder: Scanning classpath to find tests in paths [/data/app/~~WhpAIdFBBpaeQ0ks7TpURg==/com.anonymous.heartguardai.test-Y1R1mxyN5_ASv2J-cKQF0Q==/base.apk]
03-19 09:23:57.972 15045 15068 W us.heartguardai: Opening an oat file without a class loader. Are you using the deprecated DexFile APIs?
03-19 09:23:58.163 15045 15068 I TestRunner: run started: 1 tests
03-19 09:23:58.163 15045 15068 I TestRunner: started: runDetoxTests(com.anonymous.heartguardai.DetoxTest)
03-19 09:23:58.169 15045 15068 I Detox   : Detox server connection details: url=ws://localhost:57640, sessionId=190265af-f6d8-bf4b-adfc-4ab21bd528e2
03-19 09:23:58.174 15045 15068 I Tracing : Tracer added: class androidx.test.platform.tracing.AndroidXTracer
03-19 09:23:58.188 15045 15068 I us.heartguardai: hiddenapi: Accessing hidden field Ljava/lang/reflect/Field;->accessFlags:I (runtime_flags=0, domain=core-platform, api=unsupported) from Lorg/joor/Reflect; (domain=app, TargetSdkVersion=36) using reflection: allowed
03-19 09:23:58.190 15045 15068 I Detox   : Connecting to server...
03-19 09:23:58.190 15045 15068 I DetoxWSClient: At connectToServer
03-19 09:23:58.248 15045 15074 D DetoxWSClient: At onOpen
03-19 09:23:58.248 15045 15074 I DetoxWSClient: Sending out action 'login' (ID #0)
03-19 09:23:58.249 15045 15074 I Detox   : Connected to server!
03-19 09:23:58.255 15045 15074 D DetoxWSClient: Received action 'loginSuccess' (ID #0, params={"testerConnected":true,"appConnected":true})
03-19 09:23:58.256 15045 15070 I DetoxDispatcher: Handling action 'loginSuccess' (ID #0)...
03-19 09:23:58.256 15045 15070 I DetoxDispatcher: Done with action 'loginSuccess'
03-19 09:23:58.257 15045 15068 I Detox   : Launching the tested activity!
03-19 09:23:58.297 15045 15074 D DetoxWSClient: Received action 'isReady' (ID #-1000, params={})
03-19 09:23:58.297 15045 15070 I DetoxDispatcher: Handling action 'isReady' (ID #-1000)...
03-19 09:23:58.393 15045 15083 I DisplayManager: Choreographer implicitly registered for the refresh rate.
03-19 09:23:58.504 15045 15083 I GFXSTREAM: [eglDisplay.cpp(297)] Opening libGLESv1_CM_emulation.so
03-19 09:23:58.504 15045 15083 I GFXSTREAM: [eglDisplay.cpp(297)] Opening libGLESv2_emulation.so
03-19 09:23:58.547 15045 15083 W HWUI    : Failed to choose config with EGL_SWAP_BEHAVIOR_PRESERVED, retrying without...
03-19 09:23:58.547 15045 15083 W HWUI    : Failed to initialize 101010-2 format, error = EGL_SUCCESS
03-19 09:23:58.554 15045 15045 D DesktopExperienceFlags: Toggle override initialized to: false
03-19 09:23:58.562 15045 15045 D AppCompatDelegate: Checking for metadata for AppLocalesMetadataHolderService : Service not found
03-19 09:23:58.599 15045 15045 E ashmem  : Pinning is deprecated since Android Q. Please use trim or other methods.
03-19 09:23:58.616 15045 15045 D LifecycleMonitor: Lifecycle status change: com.anonymous.heartguardai.MainActivity@3b3ed38 in: PRE_ON_CREATE
03-19 09:23:58.774 15045 15045 W unknown:BridgelessReact: ReactHost{0}.startSurface(surfaceId = 0): Schedule
03-19 09:23:58.774 15045 15045 W unknown:BridgelessReact: ReactHost{0}.attachSurface(surfaceId = 0)
03-19 09:23:58.781 15045 15092 W unknown:BridgelessReact: ReactHost{0}.getOrCreateReactInstanceTask()
03-19 09:23:58.781 15045 15092 W unknown:BridgelessReact: ReactHost{0}.getOrCreateReactInstanceTask(): Start
03-19 09:23:58.781 15045 15092 D Detox.RNMarker: REACT_BRIDGELESS_LOADING_START (null)
03-19 09:23:58.781 15045 15092 W unknown:BridgelessReact: ReactHost{0}.getJSBundleLoader()
03-19 09:23:58.781 15045 15092 W unknown:BridgelessReact: ReactHost{0}.isMetroRunning()
03-19 09:23:58.788 15045 15045 D CompatChangeReporter: Compat change id reported: 377864165; UID 10230; state: ENABLED
03-19 09:23:58.788 15045 15045 D DesktopModeFlags: Toggle override initialized to: OVERRIDE_UNSET
03-19 09:23:58.807 15045 15045 I us.heartguardai: hiddenapi: Accessing hidden method Landroid/view/ViewGroup;->makeOptionalFitsSystemWindows()V (runtime_flags=0, domain=platform, api=unsupported) from Landroidx/appcompat/widget/ViewUtils; (domain=app, TargetSdkVersion=36) using reflection: allowed
03-19 09:23:58.810 15045 15045 D LifecycleMonitor: Lifecycle status change: com.anonymous.heartguardai.MainActivity@3b3ed38 in: CREATED
03-19 09:23:58.813 15045 15045 D LifecycleMonitor: Lifecycle status change: com.anonymous.heartguardai.MainActivity@3b3ed38 in: STARTED
03-19 09:23:58.823 15045 15045 W unknown:BridgelessReact: ReactHost{0}.onHostResume(activity)
03-19 09:23:58.823 15045 15045 W unknown:ReactNative: Packager connection already open, nooping.
03-19 09:23:58.823 15045 15045 D LifecycleMonitor: Lifecycle status change: com.anonymous.heartguardai.MainActivity@3b3ed38 in: RESUMED
03-19 09:23:58.861 15045 15045 W HWUI    : Unknown dataspace 0
03-19 09:23:58.895 15045 15045 D WindowOnBackDispatcher: setTopOnBackInvokedCallback (unwrapped): android.app.Activity$$ExternalSyntheticLambda0@93ea50e
03-19 09:23:58.895 15045 15045 D WindowOnBackDispatcher: setTopOnBackInvokedCallback (unwrapped): androidx.activity.OnBackPressedDispatcher$Api34Impl$createOnBackAnimationCallback$1@ccabb2f
03-19 09:23:58.897 15045 15045 D VRI[MainActivity]: WindowInsets changed: 1080x2424 statusBars:[0,137,0,0] navigationBars:[0,0,0,63] mandatorySystemGestures:[0,174,0,84] 
03-19 09:23:59.083 15045 15045 W unknown:BridgelessReact: ReactHost{0}.raiseSoftException(onWindowFocusChange(hasFocus = "true")): Tried to access onWindowFocusChange while context is not ready
03-19 09:23:59.089 15045 15045 E unknown:ReactHost: Unhandled SoftException
03-19 09:23:59.089 15045 15045 E unknown:ReactHost: com.facebook.react.bridge.ReactNoCrashSoftException: raiseSoftException(onWindowFocusChange(hasFocus = "true")): Tried to access onWindowFocusChange while context is not ready
03-19 09:23:59.089 15045 15045 E unknown:ReactHost: 	at com.facebook.react.runtime.ReactHostImpl.raiseSoftException(ReactHostImpl.kt:861)
03-19 09:23:59.089 15045 15045 E unknown:ReactHost: 	at com.facebook.react.runtime.ReactHostImpl.raiseSoftException$default(ReactHostImpl.kt:852)
03-19 09:23:59.089 15045 15045 E unknown:ReactHost: 	at com.facebook.react.runtime.ReactHostImpl.onWindowFocusChange(ReactHostImpl.kt:625)
03-19 09:23:59.089 15045 15045 E unknown:ReactHost: 	at com.facebook.react.ReactDelegate.onWindowFocusChanged(ReactDelegate.kt:232)
03-19 09:23:59.089 15045 15045 E unknown:ReactHost: 	at com.facebook.react.ReactActivityDelegate.onWindowFocusChanged(ReactActivityDelegate.java:237)
03-19 09:23:59.089 15045 15045 E unknown:ReactHost: 	at expo.modules.ReactActivityDelegateWrapper$onWindowFocusChanged$1.invokeSuspend(ReactActivityDelegateWrapper.kt:320)
03-19 09:23:59.089 15045 15045 E unknown:ReactHost: 	at expo.modules.ReactActivityDelegateWrapper$onWindowFocusChanged$1.invoke(Unknown Source:8)
03-19 09:23:59.089 15045 15045 E unknown:ReactHost: 	at expo.modules.ReactActivityDelegateWrapper$onWindowFocusChanged$1.invoke(Unknown Source:4)
03-19 09:23:59.089 15045 15045 E unknown:ReactHost: 	at expo.modules.ReactActivityDelegateWrapper$launchLifecycleScopeWithLock$1.invokeSuspend(ReactActivityDelegateWrapper.kt:452)
03-19 09:23:59.089 15045 15045 E unknown:ReactHost: 	at kotlin.coroutines.jvm.internal.BaseContinuationImpl.resumeWith(ContinuationImpl.kt:33)
03-19 09:23:59.089 15045 15045 E unknown:ReactHost: 	at kotlinx.coroutines.internal.DispatchedContinuationKt.resumeCancellableWith(DispatchedContinuation.kt:375)
03-19 09:23:59.089 15045 15045 E unknown:ReactHost: 	at kotlinx.coroutines.intrinsics.CancellableKt.startCoroutineCancellable(Cancellable.kt:26)
03-19 09:23:59.089 15045 15045 E unknown:ReactHost: 	at kotlinx.coroutines.CoroutineStart.invoke(CoroutineStart.kt:358)
03-19 09:23:59.089 15045 15045 E unknown:ReactHost: 	at kotlinx.coroutines.AbstractCoroutine.start(AbstractCoroutine.kt:134)
03-19 09:23:59.089 15045 15045 E unknown:ReactHost: 	at kotlinx.coroutines.BuildersKt__Builders_commonKt.launch(Builders.common.kt:53)
03-19 09:23:59.089 15045 15045 E unknown:ReactHost: 	at kotlinx.coroutines.BuildersKt.launch(Unknown Source:1)
03-19 09:23:59.089 15045 15045 E unknown:ReactHost: 	at kotlinx.coroutines.BuildersKt__Builders_commonKt.launch$default(Builders.common.kt:44)
03-19 09:23:59.089 15045 15045 E unknown:ReactHost: 	at kotlinx.coroutines.BuildersKt.launch$default(Unknown Source:1)
03-19 09:23:59.089 15045 15045 E unknown:ReactHost: 	at expo.modules.ReactActivityDelegateWrapper.launchLifecycleScopeWithLock(ReactActivityDelegateWrapper.kt:450)
03-19 09:23:59.089 15045 15045 E unknown:ReactHost: 	at expo.modules.ReactActivityDelegateWrapper.launchLifecycleScopeWithLock$default(ReactActivityDelegateWrapper.kt:446)
03-19 09:23:59.089 15045 15045 E unknown:ReactHost: 	at expo.modules.ReactActivityDelegateWrapper.onWindowFocusChanged(ReactActivityDelegateWrapper.kt:318)
03-19 09:23:59.089 15045 15045 E unknown:ReactHost: 	at com.facebook.react.ReactActivity.onWindowFocusChanged(ReactActivity.java:158)
03-19 09:23:59.089 15045 15045 E unknown:ReactHost: 	at androidx.appcompat.view.WindowCallbackWrapper.onWindowFocusChanged(WindowCallbackWrapper.java:124)
03-19 09:23:59.089 15045 15045 E unknown:ReactHost: 	at com.android.internal.policy.DecorView.onWindowFocusChanged(DecorView.java:1797)
03-19 09:23:59.089 15045 15045 E unknown:ReactHost: 	at android.view.View.dispatchWindowFocusChanged(View.java:17124)
03-19 09:23:59.089 15045 15045 E unknown:ReactHost: 	at android.view.ViewGroup.dispatchWindowFocusChanged(ViewGroup.java:1529)
03-19 09:23:59.089 15045 15045 E unknown:ReactHost: 	at android.view.ViewRootImpl.dispatchFocusEvent(ViewRootImpl.java:4962)
03-19 09:23:59.089 15045 15045 E unknown:ReactHost: 	at android.view.ViewRootImpl.handleWindowFocusChanged(ViewRootImpl.java:4866)
03-19 09:23:59.089 15045 15045 E unknown:ReactHost: 	at android.view.ViewRootImpl.-$$Nest$mhandleWindowFocusChanged(Unknown Source:0)
03-19 09:23:59.089 15045 15045 E unknown:ReactHost: 	at android.view.ViewRootImpl$ViewRootHandler.handleMessageImpl(ViewRootImpl.java:7118)
03-19 09:23:59.089 15045 15045 E unknown:ReactHost: 	at android.view.ViewRootImpl$ViewRootHandler.handleMessage(ViewRootImpl.java:7026)
03-19 09:23:59.089 15045 15045 E unknown:ReactHost: 	at android.os.Handler.dispatchMessage(Handler.java:132)
03-19 09:23:59.089 15045 15045 E unknown:ReactHost: 	at android.os.Looper.dispatchMessage(Looper.java:333)
03-19 09:23:59.089 15045 15045 E unknown:ReactHost: 	at android.os.Looper.loopOnce(Looper.java:263)
03-19 09:23:59.089 15045 15045 E unknown:ReactHost: 	at android.os.Looper.loop(Looper.java:367)
03-19 09:23:59.089 15045 15045 E unknown:ReactHost: 	at android.app.ActivityThread.main(ActivityThread.java:9287)
03-19 09:23:59.089 15045 15045 E unknown:ReactHost: 	at java.lang.reflect.Method.invoke(Native Method)
03-19 09:23:59.089 15045 15045 E unknown:ReactHost: 	at com.android.internal.os.RuntimeInit$MethodAndArgsCaller.run(RuntimeInit.java:566)
03-19 09:23:59.089 15045 15045 E unknown:ReactHost: 	at com.android.internal.os.ZygoteInit.main(ZygoteInit.java:929)
03-19 09:23:59.101 15045 15045 D InsetsController: hide(ime())
03-19 09:23:59.102 15045 15045 I ImeTracker: com.anonymous.heartguardai:ff279984: onCancelled at PHASE_CLIENT_ALREADY_HIDDEN
03-19 09:23:59.116 15045 15049 I us.heartguardai: Compiler allocated 5087KB to compile void android.view.ViewRootImpl.performTraversals()
03-19 09:23:59.384 15045 15100 I HWUI    : Using FreeType backend (prop=Auto)
03-19 09:24:03.755 15045 15102 D ProfileInstaller: Installing profile for com.anonymous.heartguardai
03-19 09:24:03.797 15045 15093 W unknown:ReactNative: The packager does not seem to be running as we got an IOException requesting its status: failed to connect to /10.0.2.2 (port 8081) from /10.0.2.16 (port 57194) after 5000ms
03-19 09:24:03.798 15045 15093 W unknown:BridgelessReact: ReactHost{0}.isMetroRunning(): Async result = false
03-19 09:24:03.799 15045 15092 W unknown:BridgelessReact: ReactHost{0}.getOrCreateReactInstanceTask(): Creating BridgelessReactContext
03-19 09:24:03.801 15045 15092 W unknown:BridgelessReact: ReactHost{0}.getOrCreateReactInstanceTask(): Creating ReactInstance
03-19 09:24:03.827 15045 15092 D nativeloader: Load /data/app/~~AWbUFIbK9haI3VP4NNDzNw==/com.anonymous.heartguardai-a5E8aIQZkDNWRhF6qStHFQ==/base.apk!/lib/x86_64/libhermesvm.so using class loader ns clns-9 (caller=/data/app/~~AWbUFIbK9haI3VP4NNDzNw==/com.anonymous.heartguardai-a5E8aIQZkDNWRhF6qStHFQ==/base.apk!classes20.dex): ok
03-19 09:24:03.832 15045 15092 D nativeloader: Load /data/app/~~AWbUFIbK9haI3VP4NNDzNw==/com.anonymous.heartguardai-a5E8aIQZkDNWRhF6qStHFQ==/base.apk!/lib/x86_64/libhermestooling.so using class loader ns clns-9 (caller=/data/app/~~AWbUFIbK9haI3VP4NNDzNw==/com.anonymous.heartguardai-a5E8aIQZkDNWRhF6qStHFQ==/base.apk!classes20.dex): ok
03-19 09:24:03.832 15045 15092 D jni_lib_merge: Entering merged library JNI_OnLoad.
03-19 09:24:03.832 15045 15092 D jni_lib_merge: Preparing 4 pre-merged libs (including stub)
03-19 09:24:03.832 15045 15092 D jni_lib_merge: Preparing to register libhermes_executor_so.  onload_func: 0x72276b1b3050
03-19 09:24:03.832 15045 15092 D jni_lib_merge: Preparing to register libhermesinstancejni_so.  onload_func: 0x72276b1e9680
03-19 09:24:03.832 15045 15092 D jni_lib_merge: Preparing to register libjsijniprofiler_so.  onload_func: 0x72276b1eb3f0
03-19 09:24:03.832 15045 15092 D jni_lib_merge: About to register 3 actual methods.
03-19 09:24:03.924 15045 15092 I ExpoModulesCore: ✅ AppContext was initialized
03-19 09:24:03.989 15045 15092 W unknown:BridgelessReact: ReactHost{0}.getOrCreateReactInstanceTask(): Loading JS Bundle
03-19 09:24:03.991 15045 15092 W unknown:BridgelessReact: ReactHost{0}.getOrCreateReactInstanceTask(): DevSupportManager.onNewReactContextCreated()
03-19 09:24:03.991 15045 15103 D Detox.RNMarker: RUN_JS_BUNDLE_START (index.android.bundle)
03-19 09:24:03.997 15045 15092 W unknown:BridgelessReact: ReactHost{0}.startSurface(surfaceId = 0): Execute
03-19 09:24:03.997 15045 15045 W unknown:ReactNative: Packager connection already open, nooping.
03-19 09:24:03.998 15045 15045 W unknown:BridgelessReact: ReactHost{0}.ReactContext.onHostResume()
03-19 09:24:04.006 15045 15045 W unknown:BridgelessReact: ReactHost{0}.getOrCreateReactInstanceTask(): Executing ReactInstanceEventListeners
03-19 09:24:04.006 15045 15045 I DetoxRNLoading: Got new RN-context through listener
03-19 09:24:04.009 15045 15068 I DetoxRNIdleRes: Setting up Espresso Idling Resources for React Native
03-19 09:24:04.017 15045 15045 D DetoxRNHelpers: Native RN module resolution (class com.reactnativecommunity.asyncstorage.AsyncStorageModule): no such class
03-19 09:24:04.018 15045 15068 D IdlingRegistry: Registering idling resources: [com.wix.detox.reactnative.idlingresources.uimodule.fabric.FabricUIManagerIdlingResources@a2549dd]
03-19 09:24:04.018 15045 15068 D IdlingRegistry: Registering idling resources: [com.wix.detox.reactnative.idlingresources.animations.AnimatedModuleIdlingResource@c4ff952]
03-19 09:24:04.018 15045 15068 D IdlingRegistry: Registering idling resources: [com.wix.detox.reactnative.idlingresources.timers.FabricTimersIdlingResource@3705423]
03-19 09:24:04.018 15045 15068 D IdlingRegistry: Registering idling resources: [com.wix.detox.reactnative.idlingresources.network.NetworkIdlingResource@688ad20]
03-19 09:24:04.018 15045 15068 D IdlingRegistry: Registering idling resources: [com.wix.detox.reactnative.idlingresources.StabilizedIdlingResource@3b1a6d9]
03-19 09:24:04.040 15045 15103 D nativeloader: Load /data/app/~~AWbUFIbK9haI3VP4NNDzNw==/com.anonymous.heartguardai-a5E8aIQZkDNWRhF6qStHFQ==/base.apk!/lib/x86_64/libexpo-modules-core.so using class loader ns clns-9 (caller=/data/app/~~AWbUFIbK9haI3VP4NNDzNw==/com.anonymous.heartguardai-a5E8aIQZkDNWRhF6qStHFQ==/base.apk!classes20.dex): ok
03-19 09:24:04.043 15045 15103 W BridgelessReactContext: [WARNING] Bridgeless doesn't support CatalystInstance. Accessing an API that's not part of the new architecture is not encouraged usage.
03-19 09:24:04.055 15045 15103 I ExpoModulesCore: ✅ JSI interop was installed
03-19 09:24:04.064 15045 15103 I ExpoModulesCore: ✅ Constants were exported
03-19 09:24:04.104 15045 15103 W unknown:ViewManagerPropertyUpdater: Could not find generated setter for class com.th3rdwave.safeareacontext.SafeAreaProviderManager
03-19 09:24:04.106 15045 15103 W unknown:ViewManagerPropertyUpdater: Could not find generated setter for class com.facebook.react.uimanager.LayoutShadowNode
03-19 09:24:04.108 15045 15103 W unknown:ViewManagerPropertyUpdater: Could not find generated setter for class com.swmansion.rnscreens.SearchBarManager
03-19 09:24:04.108 15045 15103 W unknown:ViewManagerPropertyUpdater: Could not find generated setter for class com.swmansion.rnscreens.ScreenFooterManager
03-19 09:24:04.109 15045 15103 W unknown:ViewManagerPropertyUpdater: Could not find generated setter for class com.swmansion.rnscreens.gamma.tabs.TabScreenViewManager
03-19 09:24:04.110 15045 15103 W unknown:ViewManagerPropertyUpdater: Could not find generated setter for class expo.modules.kotlin.views.GroupViewManagerWrapper
03-19 09:24:04.111 15045 15103 W unknown:ViewManagerPropertyUpdater: Could not find generated setter for class com.swmansion.rnscreens.ScreenContainerViewManager
03-19 09:24:04.112 15045 15103 W unknown:ViewManagerPropertyUpdater: Could not find generated setter for class com.swmansion.rnscreens.gamma.tabs.TabsHostViewManager
03-19 09:24:04.114 15045 15103 W unknown:ViewManagerPropertyUpdater: Could not find generated setter for class com.swmansion.rnscreens.ModalScreenViewManager
03-19 09:24:04.117 15045 15103 W unknown:ViewManagerPropertyUpdater: Could not find generated setter for class com.swmansion.rnscreens.ScreenStackHeaderConfigViewManager
03-19 09:24:04.117 15045 15103 W unknown:ViewManagerPropertyUpdater: Could not find generated setter for class com.swmansion.rnscreens.ScreenContentWrapperManager
03-19 09:24:04.118 15045 15103 W unknown:ViewManagerPropertyUpdater: Could not find generated setter for class com.th3rdwave.safeareacontext.SafeAreaViewManager
03-19 09:24:04.119 15045 15103 W unknown:ViewManagerPropertyUpdater: Could not find generated setter for class com.th3rdwave.safeareacontext.SafeAreaViewShadowNode
03-19 09:24:04.120 15045 15103 W unknown:ViewManagerPropertyUpdater: Could not find generated setter for class com.swmansion.rnscreens.safearea.SafeAreaViewManager
03-19 09:24:04.120 15045 15103 W unknown:ViewManagerPropertyUpdater: Could not find generated setter for class com.swmansion.rnscreens.safearea.paper.SafeAreaViewShadowNode
03-19 09:24:04.120 15045 15103 W unknown:ViewManagerPropertyUpdater: Could not find generated setter for class com.swmansion.rnscreens.ScreenViewManager
03-19 09:24:04.120 15045 15103 W unknown:ViewManagerPropertyUpdater: Could not find generated setter for class expo.modules.kotlin.views.SimpleViewManagerWrapper
03-19 09:24:04.122 15045 15103 W unknown:ViewManagerPropertyUpdater: Could not find generated setter for class com.swmansion.rnscreens.gamma.stack.host.StackHostViewManager
03-19 09:24:04.123 15045 15103 W unknown:ViewManagerPropertyUpdater: Could not find generated setter for class com.swmansion.rnscreens.ScreenStackHeaderSubviewManager
03-19 09:24:04.123 15045 15103 W unknown:ViewManagerPropertyUpdater: Could not find generated setter for class com.swmansion.rnscreens.gamma.stack.screen.StackScreenViewManager
03-19 09:24:04.126 15045 15103 W unknown:ViewManagerPropertyUpdater: Could not find generated setter for class com.swmansion.rnscreens.ScreenStackViewManager
03-19 09:24:04.178 15045 15103 W unknown:ViewManagerPropertyUpdater: Could not find generated setter for class com.horcrux.svg.RenderableViewManager$DefsViewManager
03-19 09:24:04.179 15045 15103 W unknown:ViewManagerPropertyUpdater: Could not find generated setter for class com.horcrux.svg.VirtualViewManager$RenderableShadowNode
03-19 09:24:04.183 15045 15103 W unknown:ViewManagerPropertyUpdater: Could not find generated setter for class com.facebook.react.views.debuggingoverlay.DebuggingOverlayManager
03-19 09:24:04.186 15045 15103 W unknown:ViewManagerPropertyUpdater: Could not find generated setter for class com.horcrux.svg.RenderableViewManager$FeMergeManager
03-19 09:24:04.189 15045 15103 W unknown:ViewManagerPropertyUpdater: Could not find generated setter for class com.facebook.react.views.safeareaview.ReactSafeAreaViewManager
03-19 09:24:04.192 15045 15103 W unknown:ViewManagerPropertyUpdater: Could not find generated setter for class com.horcrux.svg.RenderableViewManager$LinearGradientManager
03-19 09:24:04.196 15045 15103 W unknown:ViewManagerPropertyUpdater: Could not find generated setter for class com.horcrux.svg.RenderableViewManager$FeGaussianBlurManager
03-19 09:24:04.199 15045 15103 W unknown:ViewManagerPropertyUpdater: Could not find generated setter for class com.facebook.react.views.progressbar.ReactProgressBarViewManager
03-19 09:24:04.200 15045 15103 W unknown:ViewManagerPropertyUpdater: Could not find generated setter for class com.facebook.react.views.progressbar.ProgressBarShadowNode
03-19 09:24:04.201 15045 15045 D DetoxRNHelpers: Native RN module resolution (class com.reactnativecommunity.asyncstorage.AsyncStorageModule): no such class
03-19 09:24:04.205 15045 15103 W unknown:ViewManagerPropertyUpdater: Could not find generated setter for class com.facebook.react.views.scroll.ReactHorizontalScrollViewManager
03-19 09:24:04.210 15045 15103 W unknown:ViewManagerPropertyUpdater: Could not find generated setter for class com.facebook.react.views.text.ReactTextViewManager
03-19 09:24:04.211 15045 15103 W unknown:ViewManagerPropertyUpdater: Could not find generated setter for class com.facebook.react.views.text.ReactTextShadowNode
03-19 09:24:04.215 15045 15103 W unknown:ViewManagerPropertyUpdater: Could not find generated setter for class com.horcrux.svg.RenderableViewManager$FeColorMatrixManager
03-19 09:24:04.219 15045 15103 W unknown:ViewManagerPropertyUpdater: Could not find generated setter for class com.facebook.react.views.scroll.ReactHorizontalScrollContainerViewManager
03-19 09:24:04.223 15045 15103 W unknown:ViewManagerPropertyUpdater: Could not find generated setter for class com.horcrux.svg.RenderableViewManager$ClipPathViewManager
03-19 09:24:04.227 15045 15103 W unknown:ViewManagerPropertyUpdater: Could not find generated setter for class com.horcrux.svg.RenderableViewManager$SymbolManager
03-19 09:24:04.229 15045 15103 W unknown:ViewManagerPropertyUpdater: Could not find generated setter for class com.horcrux.svg.RenderableViewManager$PatternManager
03-19 09:24:04.232 15045 15103 W unknown:ViewManagerPropertyUpdater: Could not find generated setter for class com.horcrux.svg.RenderableViewManager$FeBlendManager
03-19 09:24:04.234 15045 15103 W unknown:ViewManagerPropertyUpdater: Could not find generated setter for class com.facebook.react.views.view.ReactViewManager
03-19 09:24:04.237 15045 15103 W unknown:ViewManagerPropertyUpdater: Could not find generated setter for class com.horcrux.svg.SvgViewManager
03-19 09:24:04.240 15045 15103 W unknown:ViewManagerPropertyUpdater: Could not find generated setter for class com.facebook.react.views.switchview.ReactSwitchManager
03-19 09:24:04.241 15045 15103 W unknown:ViewManagerPropertyUpdater: Could not find generated setter for class com.facebook.react.views.switchview.ReactSwitchShadowNode
03-19 09:24:04.243 15045 15103 W unknown:ViewManagerPropertyUpdater: Could not find generated setter for class com.horcrux.svg.RenderableViewManager$UseViewManager
03-19 09:24:04.246 15045 15103 W unknown:ViewManagerPropertyUpdater: Could not find generated setter for class com.horcrux.svg.RenderableViewManager$CircleViewManager
03-19 09:24:04.248 15045 15103 W unknown:ViewManagerPropertyUpdater: Could not find generated setter for class com.horcrux.svg.RenderableViewManager$TSpanViewManager
03-19 09:24:04.251 15045 15103 W unknown:ViewManagerPropertyUpdater: Could not find generated setter for class com.horcrux.svg.RenderableViewManager$FilterManager
03-19 09:24:04.253 15045 15103 W unknown:ViewManagerPropertyUpdater: Could not find generated setter for class com.horcrux.svg.RenderableViewManager$MarkerManager
03-19 09:24:04.256 15045 15103 W unknown:ViewManagerPropertyUpdater: Could not find generated setter for class com.swmansion.gesturehandler.react.RNGestureHandlerButtonViewManager
03-19 09:24:04.259 15045 15103 W unknown:ViewManagerPropertyUpdater: Could not find generated setter for class com.facebook.react.views.modal.ReactModalHostManager
03-19 09:24:04.261 15045 15103 W unknown:ViewManagerPropertyUpdater: Could not find generated setter for class com.horcrux.svg.RenderableViewManager$ForeignObjectManager
03-19 09:24:04.264 15045 15103 W unknown:ViewManagerPropertyUpdater: Could not find generated setter for class com.horcrux.svg.RenderableViewManager$EllipseViewManager
03-19 09:24:04.266 15045 15103 W unknown:ViewManagerPropertyUpdater: Could not find generated setter for class com.horcrux.svg.RenderableViewManager$LineViewManager
03-19 09:24:04.268 15045 15103 W unknown:ViewManagerPropertyUpdater: Could not find generated setter for class com.facebook.react.views.text.frescosupport.FrescoBasedReactTextInlineImageViewManager
03-19 09:24:04.269 15045 15103 W unknown:ViewManagerPropertyUpdater: Could not find generated setter for class com.facebook.react.views.text.frescosupport.FrescoBasedReactTextInlineImageShadowNode
03-19 09:24:04.271 15045 15103 W unknown:ViewManagerPropertyUpdater: Could not find generated setter for class com.horcrux.svg.RenderableViewManager$FeFloodManager
03-19 09:24:04.273 15045 15103 W unknown:ViewManagerPropertyUpdater: Could not find generated setter for class com.horcrux.svg.RenderableViewManager$GroupViewManager
03-19 09:24:04.276 15045 15103 W unknown:ViewManagerPropertyUpdater: Could not find generated setter for class com.horcrux.svg.RenderableViewManager$TextViewManager
03-19 09:24:04.278 15045 15103 W unknown:ViewManagerPropertyUpdater: Could not find generated setter for class com.horcrux.svg.RenderableViewManager$ImageViewManager
03-19 09:24:04.281 15045 15103 W unknown:ViewManagerPropertyUpdater: Could not find generated setter for class com.horcrux.svg.RenderableViewManager$FeCompositeManager
03-19 09:24:04.283 15045 15103 W unknown:ViewManagerPropertyUpdater: Could not find generated setter for class com.facebook.react.views.image.ReactImageManager
03-19 09:24:04.286 15045 15103 W unknown:ViewManagerPropertyUpdater: Could not find generated setter for class com.horcrux.svg.RenderableViewManager$RadialGradientManager
03-19 09:24:04.289 15045 15103 W unknown:ViewManagerPropertyUpdater: Could not find generated setter for class com.horcrux.svg.RenderableViewManager$MaskManager
03-19 09:24:04.291 15045 15103 W unknown:ViewManagerPropertyUpdater: Could not find generated setter for class com.facebook.react.views.unimplementedview.ReactUnimplementedViewManager
03-19 09:24:04.294 15045 15103 W unknown:ViewManagerPropertyUpdater: Could not find generated setter for class com.horcrux.svg.RenderableViewManager$RectViewManager
03-19 09:24:04.296 15045 15103 W unknown:ViewManagerPropertyUpdater: Could not find generated setter for class com.horcrux.svg.RenderableViewManager$TextPathViewManager
03-19 09:24:04.300 15045 15103 W unknown:ViewManagerPropertyUpdater: Could not find generated setter for class com.facebook.react.views.scroll.ReactScrollViewManager
03-19 09:24:04.303 15045 15103 W unknown:ViewManagerPropertyUpdater: Could not find generated setter for class com.horcrux.svg.RenderableViewManager$FeOffsetManager
03-19 09:24:04.305 15045 15103 W unknown:ViewManagerPropertyUpdater: Could not find generated setter for class com.horcrux.svg.RenderableViewManager$PathViewManager
03-19 09:24:04.308 15045 15103 W unknown:ViewManagerPropertyUpdater: Could not find generated setter for class com.facebook.react.views.drawer.ReactDrawerLayoutManager
03-19 09:24:04.311 15045 15103 W unknown:ViewManagerPropertyUpdater: Could not find generated setter for class com.facebook.react.views.swiperefresh.SwipeRefreshLayoutManager
03-19 09:24:04.315 15045 15103 W unknown:ViewManagerPropertyUpdater: Could not find generated setter for class com.facebook.react.views.textinput.ReactTextInputManager
03-19 09:24:04.316 15045 15103 W unknown:ViewManagerPropertyUpdater: Could not find generated setter for class com.facebook.react.views.textinput.ReactTextInputShadowNode
03-19 09:24:04.319 15045 15103 W unknown:ViewManagerPropertyUpdater: Could not find generated setter for class com.swmansion.gesturehandler.react.RNGestureHandlerRootViewManager
03-19 09:24:04.347 15045 15103 D nativeloader: Load /data/app/~~AWbUFIbK9haI3VP4NNDzNw==/com.anonymous.heartguardai-a5E8aIQZkDNWRhF6qStHFQ==/base.apk!/lib/x86_64/librnscreens.so using class loader ns clns-9 (caller=/data/app/~~AWbUFIbK9haI3VP4NNDzNw==/com.anonymous.heartguardai-a5E8aIQZkDNWRhF6qStHFQ==/base.apk!classes16.dex): ok
03-19 09:24:04.354 15045 15103 D Detox.RNMarker: RUN_JS_BUNDLE_END (index.android.bundle)
03-19 09:24:04.356 15045 15103 I ReactNativeJS: Running "main"
03-19 09:24:04.363 15045 15103 D Detox.RNMarker: REACT_BRIDGELESS_LOADING_END (null)
03-19 09:24:04.382 15045 15045 D Detox.RNMarker: CONTENT_APPEARED (main)
03-19 09:24:04.473 15045 15114 I WebViewFactory: Loading com.google.android.webview version 134.0.6998.135 (code 699813538)
03-19 09:24:04.485 15045 15114 V ResourcesManager: The following library key has been added: ResourcesKey{ mHash=f790ae9a mResDir=null mSplitDirs=[] mOverlayDirs=[] mLibDirs=[/data/app/~~56ChMwvWCmW2-ZIADCrM3Q==/com.google.android.webview-H5fyRA7hTPkIJgUPsHg6Ow==/WebViewGoogle.apk,/data/app/~~8o5QMytz7vXda3cyKd0-WQ==/com.google.android.trichromelibrary_699813538-JhyvXrWwoY7B68t8SrrLEA==/TrichromeLibrary.apk,/system_ext/framework/androidx.window.extensions.jar] mDisplayId=0 mOverrideConfig=v36 mCompatInfo={420dpi always-compat} mLoaders=[]}
03-19 09:24:04.488 15045 15114 W us.heartguardai: Failed to find entry 'classes.dex': Entry not found
03-19 09:24:04.492 15045 15114 D nativeloader: Configuring clns-12 for other apk /data/app/~~8o5QMytz7vXda3cyKd0-WQ==/com.google.android.trichromelibrary_699813538-JhyvXrWwoY7B68t8SrrLEA==/TrichromeLibrary.apk. target_sdk_version=35, uses_libraries=ALL, library_path=/data/app/~~56ChMwvWCmW2-ZIADCrM3Q==/com.google.android.webview-H5fyRA7hTPkIJgUPsHg6Ow==/lib/x86_64:/data/app/~~56ChMwvWCmW2-ZIADCrM3Q==/com.google.android.webview-H5fyRA7hTPkIJgUPsHg6Ow==/WebViewGoogle.apk!/lib/x86_64:/data/app/~~8o5QMytz7vXda3cyKd0-WQ==/com.google.android.trichromelibrary_699813538-JhyvXrWwoY7B68t8SrrLEA==/TrichromeLibrary.apk!/lib/x86_64, permitted_path=/data:/mnt/expand
03-19 09:24:04.495 15045 15114 D ApplicationLoaders: Returning zygote-cached class loader: /system_ext/framework/androidx.window.extensions.jar
03-19 09:24:04.506 15045 15114 D nativeloader: Configuring clns-13 for other apk /data/app/~~56ChMwvWCmW2-ZIADCrM3Q==/com.google.android.webview-H5fyRA7hTPkIJgUPsHg6Ow==/WebViewGoogle.apk. target_sdk_version=35, uses_libraries=, library_path=/data/app/~~56ChMwvWCmW2-ZIADCrM3Q==/com.google.android.webview-H5fyRA7hTPkIJgUPsHg6Ow==/lib/x86_64:/data/app/~~56ChMwvWCmW2-ZIADCrM3Q==/com.google.android.webview-H5fyRA7hTPkIJgUPsHg6Ow==/WebViewGoogle.apk!/lib/x86_64:/data/app/~~8o5QMytz7vXda3cyKd0-WQ==/com.google.android.trichromelibrary_699813538-JhyvXrWwoY7B68t8SrrLEA==/TrichromeLibrary.apk!/lib/x86_64, permitted_path=/data:/mnt/expand
03-19 09:24:04.607 15045 15114 I cr_WVCFactoryProvider: version=134.0.6998.135 (699813538) minSdkVersion=29 isBundle=false multiprocess=true packageId=2
03-19 09:24:04.621 15045 15114 D nativeloader: Load /data/app/~~8o5QMytz7vXda3cyKd0-WQ==/com.google.android.trichromelibrary_699813538-JhyvXrWwoY7B68t8SrrLEA==/TrichromeLibrary.apk!/lib/x86_64/libmonochrome_64.so using class loader ns clns-13 (caller=/data/app/~~56ChMwvWCmW2-ZIADCrM3Q==/com.google.android.webview-H5fyRA7hTPkIJgUPsHg6Ow==/WebViewGoogle.apk): ok
03-19 09:24:04.635 15045 15114 D nativeloader: Load /system/lib64/libwebviewchromium_plat_support.so using class loader ns clns-13 (caller=/data/app/~~56ChMwvWCmW2-ZIADCrM3Q==/com.google.android.webview-H5fyRA7hTPkIJgUPsHg6Ow==/WebViewGoogle.apk): ok
03-19 09:24:04.656 15045 15118 I chromium: [0319/092404.647531:INFO:variations_seed_loader.cc(67)] Failed to open file for reading.: No such file or directory (2)
03-19 09:24:04.658 15045 15118 I chromium: [0319/092404.658170:INFO:variations_seed_loader.cc(67)] Failed to open file for reading.: No such file or directory (2)
03-19 09:24:04.713 15045 15114 I cr_LibraryLoader: Successfully loaded native library
03-19 09:24:04.719 15045 15114 I cr_CachingUmaRecorder: Flushed 6 samples from 6 histograms, 0 samples were dropped.
